-------------------------------------------------------------------------------
>Log Session: Sunday, May 31, 2026, 7:39:35 PM India Standard Time
>System Info: 
  Product Version         = vsc dev-86aa3aa67da4180e786ec690808d0b91b23d7015
  Operating System        = Linux version 6.17.0-29-generic running on amd64
  Java; VM; Vendor        = 21.0.11; OpenJDK 64-Bit Server VM 21.0.11+10-1-24.04.2-Ubuntu; Ubuntu
  Runtime                 = OpenJDK Runtime Environment 21.0.11+10-1-24.04.2-Ubuntu
  Java Home               = /usr/lib/jvm/java-21-openjdk-amd64
  System Locale; Encoding = en (nbcode); UTF-8
  Home Directory          = /home/kairav
  Current Directory       = /home/kairav/.config/Code/User/workspaceStorage/9fdc9b844290a35ec4acd8343ba09fc0/Oracle.oracle-java/userdir
  User Directory          = /home/kairav/.config/Code/User/workspaceStorage/9fdc9b844290a35ec4acd8343ba09fc0/Oracle.oracle-java/userdir
  Cache Directory         = /home/kairav/.config/Code/User/workspaceStorage/9fdc9b844290a35ec4acd8343ba09fc0/Oracle.oracle-java/userdir/var/cache
  Installation            = /home/kairav/.vscode/extensions/oracle.oracle-java-25.1.0/nbcode/platform
                            /home/kairav/.vscode/extensions/oracle.oracle-java-25.1.0/nbcode/ide
                            /home/kairav/.vscode/extensions/oracle.oracle-java-25.1.0/nbcode/extide
                            /home/kairav/.vscode/extensions/oracle.oracle-java-25.1.0/nbcode/webcommon
                            /home/kairav/.vscode/extensions/oracle.oracle-java-25.1.0/nbcode/java
                            /home/kairav/.vscode/extensions/oracle.oracle-java-25.1.0/nbcode/extra
                            /home/kairav/.vscode/extensions/oracle.oracle-java-25.1.0/nbcode/nbcode
                            /home/kairav/.vscode/extensions/oracle.oracle-java-25.1.0/nbcode/platform
  Boot & Ext. Classpath   = 
  Application Classpath   = /home/kairav/.vscode/extensions/oracle.oracle-java-25.1.0/nbcode/platform/lib/boot.jar:/home/kairav/.vscode/extensions/oracle.oracle-java-25.1.0/nbcode/platform/lib/org-openide-modules.jar:/home/kairav/.vscode/extensions/oracle.oracle-java-25.1.0/nbcode/platform/lib/org-openide-util.jar:/home/kairav/.vscode/extensions/oracle.oracle-java-25.1.0/nbcode/platform/lib/org-openide-util-lookup.jar:/home/kairav/.vscode/extensions/oracle.oracle-java-25.1.0/nbcode/platform/lib/org-openide-util-ui.jar
  Startup Classpath       = /home/kairav/.vscode/extensions/oracle.oracle-java-25.1.0/nbcode/platform/core/asm-9.9.jar:/home/kairav/.vscode/extensions/oracle.oracle-java-25.1.0/nbcode/platform/core/core.jar:/home/kairav/.vscode/extensions/oracle.oracle-java-25.1.0/nbcode/platform/core/core-base.jar:/home/kairav/.vscode/extensions/oracle.oracle-java-25.1.0/nbcode/platform/core/org-netbeans-libs-asm.jar:/home/kairav/.vscode/extensions/oracle.oracle-java-25.1.0/nbcode/platform/core/asm-commons-9.9.jar:/home/kairav/.vscode/extensions/oracle.oracle-java-25.1.0/nbcode/platform/core/asm-tree-9.9.jar:/home/kairav/.vscode/extensions/oracle.oracle-java-25.1.0/nbcode/platform/core/org-openide-filesystems.jar:/home/kairav/.vscode/extensions/oracle.oracle-java-25.1.0/nbcode/platform/core/org-openide-filesystems-compat8.jar:/home/kairav/.vscode/extensions/oracle.oracle-java-25.1.0/nbcode/nbcode/core/locale/core_nbcode.jar
  Java Boot Modules       = [java.base, java.compiler, java.datatransfer, java.desktop, java.instrument, java.logging, java.management, java.management.rmi, java.naming, java.net.http, java.prefs, java.rmi, java.scripting, java.security.jgss, java.security.sasl, java.smartcardio, java.sql, java.sql.rowset, java.transaction.xa, java.xml, java.xml.crypto, jdk.accessibility, jdk.attach, jdk.charsets, jdk.compiler, jdk.crypto.cryptoki, jdk.crypto.ec, jdk.dynalink, jdk.editpad, jdk.httpserver, jdk.internal.ed, jdk.internal.jvmstat, jdk.internal.le, jdk.internal.opt, jdk.jartool, jdk.javadoc, jdk.jconsole, jdk.jdeps, jdk.jdi, jdk.jdwp.agent, jdk.jfr, jdk.jlink, jdk.jpackage, jdk.jshell, jdk.jsobject, jdk.jstatd, jdk.localedata, jdk.management, jdk.management.agent, jdk.management.jfr, jdk.naming.dns, jdk.naming.rmi, jdk.net, jdk.nio.mapmode, jdk.random, jdk.sctp, jdk.security.auth, jdk.security.jgss, jdk.unsupported, jdk.unsupported.desktop, jdk.xml.dom, jdk.zipfs]
-------------------------------------------------------------------------------
Warning - could not install some modules:
	org.netbeans.modules.javascript2.vue - The module named org.netbeans.modules.html.lexer/1 was needed and not found.
	org.netbeans.modules.javascript2.vue - The module named org.netbeans.modules.javascript2.lexer/1 was needed and not found.
	org.netbeans.modules.javascript2.vue - The module named org.netbeans.modules.javascript2.jade/1 was needed and not found.
	org.netbeans.modules.javascript2.vue - The module named org.netbeans.modules.css.lib/2 was needed and not found.
	org.netbeans.modules.javadoc - The module named org.netbeans.modules.html.editor.lib/3 was needed and not found.
	org.netbeans.modules.javadoc - The module named org.netbeans.modules.html.parser/1 was needed and not found.
	org.netbeans.modules.svg - The module named org.netbeans.modules.xml was needed and not found.
	org.netbeans.modules.j2ee.persistence - The module named org.netbeans.modules.dbapi was needed and not found.
	org.netbeans.modules.j2ee.persistence - The module named org.netbeans.modules.dbschema/1 was needed and not found.
	org.netbeans.modules.texttools - No module providing the capability org.openide.windows.WindowManager could be found.
Warning - could not install some modules:
	Javascript2 Vue - The module named org.netbeans.modules.html.lexer/1 was needed and not found.
	Javascript2 Vue - The module named org.netbeans.modules.javascript2.lexer/1 was needed and not found.
	Javascript2 Vue - The module named org.netbeans.modules.javascript2.jade/1 was needed and not found.
	Javascript2 Vue - The module named org.netbeans.modules.css.lib/2 was needed and not found.
	Javadoc - The module named org.netbeans.modules.html.editor.lib/3 was needed and not found.
	Javadoc - The module named org.netbeans.modules.html.parser/1 was needed and not found.
	SVG Support - The module named org.netbeans.modules.xml was needed and not found.
	Java Persistence API Support - The module named org.netbeans.modules.dbapi was needed and not found.
	Java Persistence API Support - The module named org.netbeans.modules.dbschema/1 was needed and not found.
	Texttools - No module providing the capability org.openide.windows.WindowManager could be found.
INFO [org.netbeans.modules.netbinox]: Install area set to file:/home/kairav/.vscode/extensions/oracle.oracle-java-25.1.0/nbcode/
WARNING [org.netbeans.core.modules]: the modules [org.netbeans.modules.xml.text] use org.netbeans.modules.editor.deprecated.pre65formatting which is deprecated.
WARNING [org.netbeans.core.modules]: the modules [org.netbeans.modules.xml.text] use org.netbeans.modules.editor.structure which is deprecated.
WARNING [org.netbeans.core.modules]: the modules [org.netbeans.modules.java.hints, org.netbeans.modules.java.lsp.server, org.netbeans.modules.maven.hints] use org.netbeans.modules.java.hints.legacy.spi which is deprecated: Use Java Hints SPI (org.netbeans.spi.java.hints) instead.
INFO [org.netbeans.modules.nbcode.integration.UIDefaultsIconMetadata]: Icon not used: MSG_WaitScan
INFO [org.netbeans.modules.nbcode.integration.UIDefaultsIconMetadata]: Icon not used: Table.columnSelection
INFO [org.netbeans.modules.nbcode.integration.UIDefaultsIconMetadata]: Lazy-replacing icon: Tree.closedIcon
INFO [org.netbeans.modules.nbcode.integration.UIDefaultsIconMetadata]: Icon not used: nb.multitabs.button.dropdown.icon
INFO [org.netbeans.modules.nbcode.integration.UIDefaultsIconMetadata]: Icon not used: nb.close.tab.icon.enabled.icon
INFO [org.netbeans.modules.nbcode.integration.UIDefaultsIconMetadata]: Icon not used: nb.bigclose.tab.icon.pressed.icon
INFO [org.netbeans.modules.nbcode.integration.UIDefaultsIconMetadata]: Icon not used: Tree.gtk_expandedIcon
INFO [org.netbeans.modules.nbcode.integration.UIDefaultsIconMetadata]: Lazy-replacing icon: FileChooser.upFolderIcon
INFO [org.netbeans.modules.nbcode.integration.UIDefaultsIconMetadata]: Lazy-replacing icon: RadioButton.icon
INFO [org.netbeans.modules.nbcode.integration.UIDefaultsIconMetadata]: Icon not used: nb.close.tab.icon.pressed.icon
INFO [org.netbeans.modules.nbcode.integration.UIDefaultsIconMetadata]: Icon not used: nb.close.tab.icon.rollover.icon
INFO [org.netbeans.modules.nbcode.integration.UIDefaultsIconMetadata]: Icon not used: ComboBox.icon
INFO [org.netbeans.modules.nbcode.integration.UIDefaultsIconMetadata]: Icon not used: nb.bigclose.tab.icon.rollover.icon
INFO [org.netbeans.modules.nbcode.integration.UIDefaultsIconMetadata]: Icon not used: ETableHeader.ascendingIcon
INFO [org.netbeans.modules.nbcode.integration.UIDefaultsIconMetadata]: Lazy-replacing icon: Tree.leafIcon
INFO [org.netbeans.modules.nbcode.integration.UIDefaultsIconMetadata]: Lazy-replacing icon: Tree.openIcon
INFO [org.netbeans.modules.nbcode.integration.UIDefaultsIconMetadata]: Icon not used: nb.multitabs.button.left.icon
INFO [org.netbeans.modules.nbcode.integration.UIDefaultsIconMetadata]: Lazy-replacing icon: CheckBox.icon
INFO [org.netbeans.modules.nbcode.integration.UIDefaultsIconMetadata]: Lazy-replacing icon: OptionPane.informationIcon
INFO [org.netbeans.modules.nbcode.integration.UIDefaultsIconMetadata]: Lazy-replacing icon: Tree.expandedIcon
INFO [org.netbeans.modules.nbcode.integration.UIDefaultsIconMetadata]: Icon not used: ToolBar.handleIcon
INFO [org.netbeans.modules.nbcode.integration.UIDefaultsIconMetadata]: Lazy-replacing icon: FileChooser.homeFolderIcon
INFO [org.netbeans.modules.nbcode.integration.UIDefaultsIconMetadata]: Icon not used: nb.popupswitcher.closebutton.rolloverIcon
INFO [org.netbeans.modules.nbcode.integration.UIDefaultsIconMetadata]: Icon not used: nb.multitabs.button.right.icon
INFO [org.netbeans.modules.nbcode.integration.UIDefaultsIconMetadata]: Icon not used: Tree.gtk_collapsedIcon
INFO [org.netbeans.modules.nbcode.integration.UIDefaultsIconMetadata]: Icon not used: ETableHeader.descendingIcon
INFO [org.netbeans.modules.nbcode.integration.UIDefaultsIconMetadata]: Lazy-replacing icon: FileChooser.newFolderIcon
INFO [org.netbeans.modules.nbcode.integration.UIDefaultsIconMetadata]: Icon not used: nb.multitabs.button.maximize.icon
INFO [org.netbeans.modules.nbcode.integration.UIDefaultsIconMetadata]: Icon not used: Nb.Explorer.Folder.icon
INFO [org.netbeans.modules.nbcode.integration.UIDefaultsIconMetadata]: Icon not used: PropSheet.customButtonIcon
INFO [org.netbeans.modules.nbcode.integration.UIDefaultsIconMetadata]: Lazy-replacing icon: OptionPane.warningIcon
INFO [org.netbeans.modules.nbcode.integration.UIDefaultsIconMetadata]: Icon not used: Nb.Explorer.Folder.openedIcon
INFO [org.netbeans.modules.nbcode.integration.UIDefaultsIconMetadata]: Icon not used: nb.bigclose.tab.icon.enabled.icon
INFO [org.netbeans.modules.nbcode.integration.UIDefaultsIconMetadata]: Icon not used: nb.tabcontrol.busy.icon.selected
INFO [org.netbeans.modules.nbcode.integration.UIDefaultsIconMetadata]: Icon not used: nb.popupswitcher.closebutton.defaultIcon
INFO [org.netbeans.modules.nbcode.integration.UIDefaultsIconMetadata]: Lazy-replacing icon: Menu.arrowIcon
INFO [org.netbeans.modules.nbcode.integration.UIDefaultsIconMetadata]: Icon not used: nb.tabcontrol.busy.icon.normal
INFO [org.netbeans.modules.nbcode.integration.UIDefaultsIconMetadata]: Lazy-replacing icon: Tree.collapsedIcon
INFO [org.netbeans.core.startup.NbEvents]: Turning on modules:
	slf4j.jdk14 [1.7.36 1.7.36]
	slf4j.api [1.7.36 1.7.36]
	org.openide.util.lookup [8.64 dev-86aa3aa67da4180e786ec690808d0b91b23d7015]
	org.openide.util [9.38 dev-86aa3aa67da4180e786ec690808d0b91b23d7015]
	org.openide.util.ui [9.39 dev-86aa3aa67da4180e786ec690808d0b91b23d7015]
	org.openide.modules [7.78 dev-86aa3aa67da4180e786ec690808d0b91b23d7015]
	org.netbeans.api.annotations.common/1 [1.58 dev-86aa3aa67da4180e786ec690808d0b91b23d7015]
	org.openide.filesystems [9.43 dev-86aa3aa67da4180e786ec690808d0b91b23d7015]
	org.openide.awt [7.98 dev-86aa3aa67da4180e786ec690808d0b91b23d7015]
	org.netbeans.api.progress/1 [1.78 dev-86aa3aa67da4180e786ec690808d0b91b23d7015]
	org.netbeans.api.progress.nb [1.78 dev-86aa3aa67da4180e786ec690808d0b91b23d7015]
	org.openide.dialogs [7.77 dev-86aa3aa67da4180e786ec690808d0b91b23d7015]
	org.openide.nodes [7.75 dev-86aa3aa67da4180e786ec690808d0b91b23d7015]
	org.openide.windows [6.107 dev-86aa3aa67da4180e786ec690808d0b91b23d7015]
	org.netbeans.libs.jsvg/2 [2.2 1.7.1 dev-86aa3aa67da4180e786ec690808d0b91b23d7015]
	org.openide.util.ui.svg [1.24 dev-86aa3aa67da4180e786ec690808d0b91b23d7015]
	org.netbeans.modules.editor.mimelookup/1 [1.70 dev-86aa3aa67da4180e786ec690808d0b91b23d7015]
	org.openide.text [6.99 dev-86aa3aa67da4180e786ec690808d0b91b23d7015]
	org.netbeans.api.scripting [1.27 dev-86aa3aa67da4180e786ec690808d0b91b23d7015]
	org.netbeans.swing.tabcontrol [1.87 dev-86aa3aa67da4180e786ec690808d0b91b23d7015]
	org.netbeans.swing.outline [1.64 dev-86aa3aa67da4180e786ec690808d0b91b23d7015]
	org.openide.explorer [6.92 dev-86aa3aa67da4180e786ec690808d0b91b23d7015]
	org.openide.actions [6.69 dev-86aa3aa67da4180e786ec690808d0b91b23d7015]
	org.netbeans.modules.queries/1 [1.73 dev-86aa3aa67da4180e786ec690808d0b91b23d7015]
	org.netbeans.api.templates [1.38 dev-86aa3aa67da4180e786ec690808d0b91b23d7015]
	org.openide.filesystems.nb [9.40 dev-86aa3aa67da4180e786ec690808d0b91b23d7015]
	org.openide.loaders [7.100 dev-86aa3aa67da4180e786ec690808d0b91b23d7015]
	org.netbeans.api.intent [1.32 dev-86aa3aa67da4180e786ec690808d0b91b23d7015]
	org.netbeans.api.io [1.33 dev-86aa3aa67da4180e786ec690808d0b91b23d7015]
	org.openide.io [1.79 dev-86aa3aa67da4180e786ec690808d0b91b23d7015]
	org.openide.filesystems.compat8 [9.39 dev-86aa3aa67da4180e786ec690808d0b91b23d7015]
	org.openide.execution [9.33 dev-86aa3aa67da4180e786ec690808d0b91b23d7015]
	org.netbeans.swing.plaf [1.72 dev-86aa3aa67da4180e786ec690808d0b91b23d7015]
	org.netbeans.modules.keyring [1.54 dev-86aa3aa67da4180e786ec690808d0b91b23d7015]
	org.netbeans.libs.asm [5.33 dev-86aa3aa67da4180e786ec690808d0b91b23d7015]
	org.netbeans.bootstrap/1 [2.109 dev-86aa3aa67da4180e786ec690808d0b91b23d7015]
	org.netbeans.core.startup.base [1.92.0.1 1 dev-86aa3aa67da4180e786ec690808d0b91b23d7015]
	org.netbeans.core.startup/1 [1.93.0.1 dev-86aa3aa67da4180e786ec690808d0b91b23d7015]
	org.netbeans.modules.sampler [1.44 dev-86aa3aa67da4180e786ec690808d0b91b23d7015]
	org.netbeans.core/2 [3.81 dev-86aa3aa67da4180e786ec690808d0b91b23d7015]
	org.netbeans.spi.quicksearch [1.57 dev-86aa3aa67da4180e786ec690808d0b91b23d7015]
	org.netbeans.modules.options.api/1 [1.75 dev-86aa3aa67da4180e786ec690808d0b91b23d7015]
	org.netbeans.libs.flatlaf/1 [1.24 3.6.2 dev-86aa3aa67da4180e786ec690808d0b91b23d7015]
	org.netbeans.swing.laf.flatlaf [1.23 dev-86aa3aa67da4180e786ec690808d0b91b23d7015]
	org.netbeans.spi.viewmodel/2 [1.81 dev-86aa3aa67da4180e786ec690808d0b91b23d7015]
	org.netbeans.spi.tasklist/1 [1.65.0.1 1 dev-86aa3aa67da4180e786ec690808d0b91b23d7015]
	org.netbeans.spi.navigator/1 [1.68 dev-86aa3aa67da4180e786ec690808d0b91b23d7015]
	org.netbeans.modules.editor.util/1 [1.95 dev-86aa3aa67da4180e786ec690808d0b91b23d7015]
	org.netbeans.modules.editor.settings.lib [1.81.0.1 1 dev-86aa3aa67da4180e786ec690808d0b91b23d7015]
	org.netbeans.modules.editor.settings/1 [1.87 dev-86aa3aa67da4180e786ec690808d0b91b23d7015]
	org.netbeans.modules.lexer/2 [1.93.0.1 1 dev-86aa3aa67da4180e786ec690808d0b91b23d7015]
	org.netbeans.modules.editor.fold/1 [1.75 dev-86aa3aa67da4180e786ec690808d0b91b23d7015]
	org.netbeans.modules.editor.document [1.39.0.3 3 dev-86aa3aa67da4180e786ec690808d0b91b23d7015]
	org.netbeans.modules.editor.lib2/1 [2.50.0.55.3 55 dev-86aa3aa67da4180e786ec690808d0b91b23d7015]
	org.netbeans.modules.editor.guards/1 [1.63 dev-86aa3aa67da4180e786ec690808d0b91b23d7015]
	org.netbeans.api.lsp/1 [1.36 dev-86aa3aa67da4180e786ec690808d0b91b23d7015]
	org.netbeans.modules.editor.indent/2 [1.73 dev-86aa3aa67da4180e786ec690808d0b91b23d7015]
	org.netbeans.modules.editor.lib/3 [4.37.0.23.3.55 23 dev-86aa3aa67da4180e786ec690808d0b91b23d7015]
	org.netbeans.modules.options.keymap [1.67 dev-86aa3aa67da4180e786ec690808d0b91b23d7015]
	org.netbeans.modules.editor.settings.storage/1 [1.82.0.1 dev-86aa3aa67da4180e786ec690808d0b91b23d7015]
	org.netbeans.modules.editor.fold.nbui [1.42.0.55 dev-86aa3aa67da4180e786ec690808d0b91b23d7015]
	org.netbeans.modules.editor/3 [1.117.0.6.3.23.55 6 dev-86aa3aa67da4180e786ec690808d0b91b23d7015]
	org.netbeans.libs.javacapi [8.54.0.3 3 dev-86aa3aa67da4180e786ec690808d0b91b23d7015]
	org.netbeans.lib.nbjavac [1.46.0.4.3 4 dev-86aa3aa67da4180e786ec690808d0b91b23d7015]
	org.netbeans.modules.editor.errorstripe.api/1 [2.62.0.1 1 dev-86aa3aa67da4180e786ec690808d0b91b23d7015]
	org.netbeans.api.java.classpath/1 [1.84 dev-86aa3aa67da4180e786ec690808d0b91b23d7015]
	org.netbeans.api.java/1 [1.97 dev-86aa3aa67da4180e786ec690808d0b91b23d7015]
	org.netbeans.modules.java.platform/1 [1.72 dev-86aa3aa67da4180e786ec690808d0b91b23d7015]
	org.netbeans.modules.options.editor/1 [1.91 dev-86aa3aa67da4180e786ec690808d0b91b23d7015]
	org.netbeans.modules.editor.errorstripe/2 [2.64.0.1.1 1 dev-86aa3aa67da4180e786ec690808d0b91b23d7015]
	org.netbeans.modules.projectapi/1 [1.102 dev-86aa3aa67da4180e786ec690808d0b91b23d7015]
	org.netbeans.modules.diff/1 [1.81.0.42.1 42 dev-86aa3aa67da4180e786ec690808d0b91b23d7015]
	org.netbeans.libs.lucene/3 [3.49 dev-86aa3aa67da4180e786ec690808d0b91b23d7015]
	org.netbeans.modules.masterfs/2 [2.85.0.2 2 dev-86aa3aa67da4180e786ec690808d0b91b23d7015]
	org.netbeans.modules.parsing.lucene/2 [2.66.0.1 1 dev-86aa3aa67da4180e786ec690808d0b91b23d7015]
	org.netbeans.modules.parsing.api/1 [9.37.0.8 8 dev-86aa3aa67da4180e786ec690808d0b91b23d7015]
	org.netbeans.modules.projectuiapi.base/1 [1.116.0.9 9 dev-86aa3aa67da4180e786ec690808d0b91b23d7015]
	org.netbeans.modules.project.indexingbridge [1.47 dev-86aa3aa67da4180e786ec690808d0b91b23d7015]
	org.netbeans.modules.parsing.indexing [9.42.0.1.3.8 1 dev-86aa3aa67da4180e786ec690808d0b91b23d7015]
	org.netbeans.modules.refactoring.api [1.77.0.1 1 dev-86aa3aa67da4180e786ec690808d0b91b23d7015]
	org.netbeans.modules.classfile/1 [1.82 dev-86aa3aa67da4180e786ec690808d0b91b23d7015]
	org.netbeans.modules.editor.indent.support [1.72 dev-86aa3aa67da4180e786ec690808d0b91b23d7015]
	org.netbeans.modules.projectuiapi/1 [1.119.0.8 8 dev-86aa3aa67da4180e786ec690808d0b91b23d7015]
	org.netbeans.modules.editor.indent.project/0 [1.52 dev-86aa3aa67da4180e786ec690808d0b91b23d7015]
	org.netbeans.core.multiview/1 [1.74 dev-86aa3aa67da4180e786ec690808d0b91b23d7015]
	org.netbeans.modules.java.lexer/1 [1.66 dev-86aa3aa67da4180e786ec690808d0b91b23d7015]
	org.netbeans.modules.java.preprocessorbridge [1.79.0.1 1 dev-86aa3aa67da4180e786ec690808d0b91b23d7015]
	org.netbeans.modules.java.source.base [2.82.0.6.4.3.8.1 6 dev-86aa3aa67da4180e786ec690808d0b91b23d7015]
	org.netbeans.modules.autoupdate.services [1.86 dev-86aa3aa67da4180e786ec690808d0b91b23d7015]
	org.netbeans.modules.java.source [0.195.0.32.4.3.6.1 32 dev-86aa3aa67da4180e786ec690808d0b91b23d7015]
	org.netbeans.modules.project.spi.intern [1.33 dev-86aa3aa67da4180e786ec690808d0b91b23d7015]
	org.netbeans.modules.project.libraries/1 [1.83 dev-86aa3aa67da4180e786ec690808d0b91b23d7015]
	org.apache.xml.resolver [1.61.0.12 12 dev-86aa3aa67da4180e786ec690808d0b91b23d7015]
	org.netbeans.api.xml/1 [1.74 dev-86aa3aa67da4180e786ec690808d0b91b23d7015]
	org.netbeans.modules.xml.catalog/2 [3.34.0.4 4 dev-86aa3aa67da4180e786ec690808d0b91b23d7015]
	org.netbeans.modules.project.ant/1 [1.97 dev-86aa3aa67da4180e786ec690808d0b91b23d7015]
	org.netbeans.modules.java.project/1 [1.102 dev-86aa3aa67da4180e786ec690808d0b91b23d7015]
	org.netbeans.modules.settings/1 [1.79 dev-86aa3aa67da4180e786ec690808d0b91b23d7015]
	org.netbeans.spi.editor.hints/0 [1.72.0.8.55 8 dev-86aa3aa67da4180e786ec690808d0b91b23d7015]
	org.netbeans.modules.code.analysis/0 [1.56 dev-86aa3aa67da4180e786ec690808d0b91b23d7015]
	org.netbeans.spi.java.hints [1.64.0.13.4.3.32.6.8 13 dev-86aa3aa67da4180e786ec690808d0b91b23d7015]
	org.netbeans.api.debugger/1 [1.85 dev-86aa3aa67da4180e786ec690808d0b91b23d7015]
	org.netbeans.spi.debugger.ui/1 [2.89 dev-86aa3aa67da4180e786ec690808d0b91b23d7015]
	org.netbeans.api.debugger.jpda/2 [3.40 dev-86aa3aa67da4180e786ec690808d0b91b23d7015]
	org.netbeans.spi.debugger.jpda.ui [3.33 dev-86aa3aa67da4180e786ec690808d0b91b23d7015]
	org.netbeans.modules.xml.core/2 [1.73.0.4 4 dev-86aa3aa67da4180e786ec690808d0b91b23d7015]
	org.netbeans.modules.xml.xam/1 [1.62.0.1 1 dev-86aa3aa67da4180e786ec690808d0b91b23d7015]
	org.netbeans.modules.xml.lexer [1.60 dev-86aa3aa67da4180e786ec690808d0b91b23d7015]
	org.netbeans.modules.xml.xdm/1 [1.64.0.1 1 dev-86aa3aa67da4180e786ec690808d0b91b23d7015]
	org.netbeans.modules.editor.breadcrumbs/0 [1.47 dev-86aa3aa67da4180e786ec690808d0b91b23d7015]
	org.netbeans.modules.editor.bracesmatching/0 [1.69.0.55 dev-86aa3aa67da4180e786ec690808d0b91b23d7015]
	org.netbeans.modules.editor.deprecated.pre65formatting/0 [1.61.0.1.6.23.55 1 dev-86aa3aa67da4180e786ec690808d0b91b23d7015]
	org.netbeans.modules.editor.completion/1 [1.75.0.2 2 dev-86aa3aa67da4180e786ec690808d0b91b23d7015]
	org.netbeans.modules.editor.codetemplates/1 [1.74.0.1 1 dev-86aa3aa67da4180e786ec690808d0b91b23d7015]
	org.netbeans.modules.editor.actions/1 [1.61.0.55 dev-86aa3aa67da4180e786ec690808d0b91b23d7015]
	org.netbeans.modules.csl.types/1 [1.30 dev-86aa3aa67da4180e786ec690808d0b91b23d7015]
	org.netbeans.core.ui/1 [1.75 dev-86aa3aa67da4180e786ec690808d0b91b23d7015]
	org.netbeans.api.search [1.51 dev-86aa3aa67da4180e786ec690808d0b91b23d7015]
	org.netbeans.modules.jumpto/1 [1.85.0.1 1 dev-86aa3aa67da4180e786ec690808d0b91b23d7015]
	org.netbeans.modules.csl.api/2 [2.88.0.2.1.1.8.1 2 dev-86aa3aa67da4180e786ec690808d0b91b23d7015]
	org.netbeans.modules.editor.structure/1 [1.77.0.1 1 dev-86aa3aa67da4180e786ec690808d0b91b23d7015]
	org.netbeans.modules.xml.text/2 [1.89.0.1 1 dev-86aa3aa67da4180e786ec690808d0b91b23d7015]
	org.netbeans.modules.libs.corba.omgapi [1.25 dev-86aa3aa67da4180e786ec690808d0b91b23d7015]
	org.netbeans.modules.whitelist [1.53 dev-86aa3aa67da4180e786ec690808d0b91b23d7015]
	org.netbeans.libs.json_simple/1 [0.42 dev-86aa3aa67da4180e786ec690808d0b91b23d7015]
	org.netbeans.modules.web.common [1.129 dev-86aa3aa67da4180e786ec690808d0b91b23d7015]
	org.netbeans.modules.updatecenters/1 [1.70 dev-86aa3aa67da4180e786ec690808d0b91b23d7015]
	org.netbeans.libs.flexmark [1.23 dev-86aa3aa67da4180e786ec690808d0b91b23d7015]
	org.netbeans.modules.java.sourceui/1 [1.78.0.2.4.3.32.6 2 dev-86aa3aa67da4180e786ec690808d0b91b23d7015]
	org.netbeans.modules.project.libraries.ui/1 [1.82 dev-86aa3aa67da4180e786ec690808d0b91b23d7015]
	org.netbeans.modules.project.ant.ui/1 [1.95 dev-86aa3aa67da4180e786ec690808d0b91b23d7015]
	org.netbeans.api.xml.ui/1 [1.74 dev-86aa3aa67da4180e786ec690808d0b91b23d7015]
	org.netbeans.modules.options.java [1.44 dev-86aa3aa67da4180e786ec690808d0b91b23d7015]
	org.apache.tools.ant.module/3 [3.114.0.2 2 dev-86aa3aa67da4180e786ec690808d0b91b23d7015]
	org.netbeans.modules.java.platform.ui/1 [1.72 dev-86aa3aa67da4180e786ec690808d0b91b23d7015]
	org.netbeans.modules.java.project.ui/1 [1.105 dev-86aa3aa67da4180e786ec690808d0b91b23d7015]
	org.netbeans.modules.extexecution.base/2 [1.36 dev-86aa3aa67da4180e786ec690808d0b91b23d7015]
	org.netbeans.modules.extexecution/2 [1.79 dev-86aa3aa67da4180e786ec690808d0b91b23d7015]
	org.netbeans.modules.gsf.testrunner/2 [2.42 dev-86aa3aa67da4180e786ec690808d0b91b23d7015]
	org.netbeans.modules.gsf.testrunner.ui [1.45.0.1 dev-86aa3aa67da4180e786ec690808d0b91b23d7015]
	org.netbeans.modules.java.testrunner [1.50 dev-86aa3aa67da4180e786ec690808d0b91b23d7015]
	org.netbeans.modules.java.testrunner.ui [1.34 dev-86aa3aa67da4180e786ec690808d0b91b23d7015]
	org.netbeans.modules.gototest/1 [1.63 dev-86aa3aa67da4180e786ec690808d0b91b23d7015]
	org.netbeans.libs.testng/1 [1.46 dev-86aa3aa67da4180e786ec690808d0b91b23d7015]
	org.netbeans.modules.testng [2.50 dev-86aa3aa67da4180e786ec690808d0b91b23d7015]
	org.netbeans.modules.testng.ui [1.39 dev-86aa3aa67da4180e786ec690808d0b91b23d7015]
	org.netbeans.modules.templates/1 [1.37 dev-86aa3aa67da4180e786ec690808d0b91b23d7015]
	org.netbeans.modules.swing.validation/2 [1.62 dev-86aa3aa67da4180e786ec690808d0b91b23d7015]
	org.netbeans.modules.sendopts/2 [2.66 dev-86aa3aa67da4180e786ec690808d0b91b23d7015]
	org.netbeans.modules.javahelp/1 [2.71 dev-86aa3aa67da4180e786ec690808d0b91b23d7015]
	org.netbeans.modules.java.file.launcher [1.7 dev-86aa3aa67da4180e786ec690808d0b91b23d7015]
	org.netbeans.modules.refactoring.java/1 [1.92.0.1.3 1 dev-86aa3aa67da4180e786ec690808d0b91b23d7015]
	org.netbeans.modules.properties/1 [1.85 dev-86aa3aa67da4180e786ec690808d0b91b23d7015]
	org.netbeans.modules.properties.syntax/1 [1.80 dev-86aa3aa67da4180e786ec690808d0b91b23d7015]
	org.netbeans.api.dashboard/0 [0.7 dev-86aa3aa67da4180e786ec690808d0b91b23d7015]
	org.netbeans.core.execution/1 [1.72 dev-86aa3aa67da4180e786ec690808d0b91b23d7015]
	org.netbeans.modules.favorites/1 [1.76 dev-86aa3aa67da4180e786ec690808d0b91b23d7015]
	org.netbeans.modules.projectui [1.89.0.8.9 dev-86aa3aa67da4180e786ec690808d0b91b23d7015]
	org.netbeans.modules.projectapi.nb [1.34 dev-86aa3aa67da4180e786ec690808d0b91b23d7015]
	org.netbeans.modules.project.dependency [1.15.0.1 1 dev-86aa3aa67da4180e786ec690808d0b91b23d7015]
	org.netbeans.modules.progress.ui [1.63 dev-86aa3aa67da4180e786ec690808d0b91b23d7015]
	org.netbeans.modules.print [7.56 dev-86aa3aa67da4180e786ec690808d0b91b23d7015]
	org.netbeans.modules.parsing.nb [1.34.0.8.1 dev-86aa3aa67da4180e786ec690808d0b91b23d7015]
	org.netbeans.libs.osgi [1.52 dev-86aa3aa67da4180e786ec690808d0b91b23d7015]
	org.netbeans.core.netigso [1.61 dev-86aa3aa67da4180e786ec690808d0b91b23d7015]
	org.netbeans.modules.netbinox [1.71 dev-86aa3aa67da4180e786ec690808d0b91b23d7015]
	org.netbeans.html.xhr4j [1.8.2 1.8.2]
	net.java.html.json [1.8.2 1.8.2]
	net.java.html [1.8.2 1.8.2]
	net.java.html.boot [1.8.2 1.8.2]
	org.netbeans.html.ko4j [1.8.2 1.8.2]
	org.netbeans.api.htmlui [1.38 dev-86aa3aa67da4180e786ec690808d0b91b23d7015]
	org.netbeans.modules.java.hints.legacy.spi/1 [1.47.0.1.13 1 dev-86aa3aa67da4180e786ec690808d0b91b23d7015]
	com.google.gson [2.12.1 2.12.1]
	org.netbeans.modules.java.completion [2.16.0.2 2 dev-86aa3aa67da4180e786ec690808d0b91b23d7015]
	org.netbeans.modules.nativeimage.api/0 [0.22 dev-86aa3aa67da4180e786ec690808d0b91b23d7015]
	org.apache.commons.lang3 [3.19.0 3.19.0]
	org.netbeans.modules.java.editor.base [2.95.0.1 1 dev-86aa3aa67da4180e786ec690808d0b91b23d7015]
	org.apache.commons.codec [1.18.0 1.18.0]
	org.apache.commons.logging [1.3.5 1.3.5]
	org.apache.commons.commons_io [2.21 dev-86aa3aa67da4180e786ec690808d0b91b23d7015]
	org.netbeans.modules.java.nativeimage.debugger/0 [0.20 dev-86aa3aa67da4180e786ec690808d0b91b23d7015]
	org.netbeans.modules.java.editor/1 [2.98.0.12.1.1.1 12 dev-86aa3aa67da4180e786ec690808d0b91b23d7015]
	org.netbeans.core.ide/1 [1.71 dev-86aa3aa67da4180e786ec690808d0b91b23d7015]
	org.netbeans.modules.db.metadata.model/1 [1.41 dev-86aa3aa67da4180e786ec690808d0b91b23d7015]
	org.netbeans.modules.db/1 [1.99.0.30 30 dev-86aa3aa67da4180e786ec690808d0b91b23d7015]
	org.netbeans.modules.javascript2.debug/1 [1.48 dev-86aa3aa67da4180e786ec690808d0b91b23d7015]
	org.netbeans.libs.graalsdk [1.31 dev-86aa3aa67da4180e786ec690808d0b91b23d7015]
	org.netbeans.libs.truffleapi [1.31 dev-86aa3aa67da4180e786ec690808d0b91b23d7015]
	org.netbeans.modules.debugger.jpda.projects [1.70 dev-86aa3aa67da4180e786ec690808d0b91b23d7015]
	org.netbeans.modules.debugger.jpda.projectsui [1.33 dev-86aa3aa67da4180e786ec690808d0b91b23d7015]
	org.netbeans.modules.debugger.jpda/2 [1.139.0.80 80 dev-86aa3aa67da4180e786ec690808d0b91b23d7015]
	org.netbeans.modules.debugger.jpda.ui/1 [1.84 dev-86aa3aa67da4180e786ec690808d0b91b23d7015]
	org.netbeans.modules.debugger.jpda.truffle/1 [1.27 dev-86aa3aa67da4180e786ec690808d0b91b23d7015]
	org.netbeans.html.presenters.spi [1.8.2 1.8.2]
	org.netbeans.modules.editor.tools.storage [1.38 dev-86aa3aa67da4180e786ec690808d0b91b23d7015]
	org.netbeans.modules.java.hints/1 [1.113.0.17.3.12.1.1.32.6.1.1.13 17 dev-86aa3aa67da4180e786ec690808d0b91b23d7015]
	org.netbeans.modules.java.lsp.server/2 [2.14.0.1.2.12.1.17.32.6.2.8.1.8.1.1.13 1 dev-86aa3aa67da4180e786ec690808d0b91b23d7015]
	org.netbeans.modules.nbcode.java.notebook [1.0.1.1.6 1 260320]
	org.netbeans.modules.nbcode.java.lsp.server.telemetry [1.0.1.3.1 1 260320]
	org.netbeans.modules.nbcode.integration [1.0 260320]
	org.netbeans.libs.javax.inject/2 [2.65 dev-86aa3aa67da4180e786ec690808d0b91b23d7015]
	org.netbeans.modules.maven.embedder/2 [2.85 dev-86aa3aa67da4180e786ec690808d0b91b23d7015]
	org.netbeans.modules.maven.indexer/2 [2.70 dev-86aa3aa67da4180e786ec690808d0b91b23d7015]
	org.netbeans.modules.maven.model/1 [1.74 dev-86aa3aa67da4180e786ec690808d0b91b23d7015]
	org.netbeans.libs.antlr3.runtime [1.51.0.1 1 dev-86aa3aa67da4180e786ec690808d0b91b23d7015]
	org.netbeans.modules.java.api.common/0 [1.153 dev-86aa3aa67da4180e786ec690808d0b91b23d7015]
	org.netbeans.modules.maven.indexer.ui/2 [2.64 dev-86aa3aa67da4180e786ec690808d0b91b23d7015]
	org.netbeans.modules.maven/2 [2.170.0.1.1 1 dev-86aa3aa67da4180e786ec690808d0b91b23d7015]
	org.netbeans.modules.maven.refactoring [1.51.0.1 dev-86aa3aa67da4180e786ec690808d0b91b23d7015]
	org.netbeans.modules.j2ee.metadata/0 [1.62 dev-86aa3aa67da4180e786ec690808d0b91b23d7015]
	org.netbeans.modules.j2ee.metadata.model.support/1 [1.61 dev-86aa3aa67da4180e786ec690808d0b91b23d7015]
	org.netbeans.modules.j2ee.persistenceapi/1 [1.66.0.1 1 dev-86aa3aa67da4180e786ec690808d0b91b23d7015]
	org.netbeans.modules.maven.persistence/1 [1.59 dev-86aa3aa67da4180e786ec690808d0b91b23d7015]
	org.netbeans.libs.junit4 [1.48 dev-86aa3aa67da4180e786ec690808d0b91b23d7015]
	org.netbeans.modules.junitlib [1.35 dev-86aa3aa67da4180e786ec690808d0b91b23d7015]
	org.netbeans.modules.junit/2 [2.104 dev-86aa3aa67da4180e786ec690808d0b91b23d7015]
	org.netbeans.modules.junit.ui [1.37 dev-86aa3aa67da4180e786ec690808d0b91b23d7015]
	org.netbeans.modules.maven.junit.ui [1.35 dev-86aa3aa67da4180e786ec690808d0b91b23d7015]
	org.netbeans.modules.maven.junit/1 [1.65 dev-86aa3aa67da4180e786ec690808d0b91b23d7015]
	org.netbeans.modules.maven.hints/1 [1.70 dev-86aa3aa67da4180e786ec690808d0b91b23d7015]
	org.netbeans.modules.masterfs.ui [2.33.0.2 dev-86aa3aa67da4180e786ec690808d0b91b23d7015]
	org.netbeans.modules.masterfs.nio2 [1.45 dev-86aa3aa67da4180e786ec690808d0b91b23d7015]
	org.netbeans.modules.libs.gradle/8 [8.14 dev-86aa3aa67da4180e786ec690808d0b91b23d7015]
	org.netbeans.modules.lexer.nbbridge/1 [1.62.0.1 dev-86aa3aa67da4180e786ec690808d0b91b23d7015]
	org.netbeans.libs.antlr4.runtime/2 [1.31.0.1 1 dev-86aa3aa67da4180e786ec690808d0b91b23d7015]
	org.netbeans.modules.lexer.antlr4 [1.12.0.1 1 dev-86aa3aa67da4180e786ec690808d0b91b23d7015]
	org.netbeans.modules.languages.antlr [1.12 dev-86aa3aa67da4180e786ec690808d0b91b23d7015]
	org.netbeans.libs.jna/2 [2.25 dev-86aa3aa67da4180e786ec690808d0b91b23d7015]
	org.netbeans.modules.keyring.fallback [1.38 dev-86aa3aa67da4180e786ec690808d0b91b23d7015]
	org.netbeans.modules.keyring.impl [1.54 dev-86aa3aa67da4180e786ec690808d0b91b23d7015]
	org.netbeans.modules.javaee.injection [1.36 dev-86aa3aa67da4180e786ec690808d0b91b23d7015]
	org.netbeans.modules.java.source.ant [1.61.0.1.6 1 dev-86aa3aa67da4180e786ec690808d0b91b23d7015]
	org.netbeans.modules.java.j2seplatform/1 [1.73 dev-86aa3aa67da4180e786ec690808d0b91b23d7015]
	org.netbeans.modules.java.openjdk.project/1 [1.27 dev-86aa3aa67da4180e786ec690808d0b91b23d7015]
	org.netbeans.modules.java.mx.project [1.19 dev-86aa3aa67da4180e786ec690808d0b91b23d7015]
	org.netbeans.modules.java.hints.declarative/1 [1.50.0.1.17.13 1 dev-86aa3aa67da4180e786ec690808d0b91b23d7015]
	org.netbeans.libs.commons_compress/0 [0.36.0.181 181 dev-86aa3aa67da4180e786ec690808d0b91b23d7015]
	org.netbeans.modules.java.disco [2.14 dev-86aa3aa67da4180e786ec690808d0b91b23d7015]
	org.netbeans.modules.java.debug [1.68.0.1.3.6 1 dev-86aa3aa67da4180e786ec690808d0b91b23d7015]
	org.netbeans.modules.j2ee.eclipselinkmodelgen/1 [1.62 dev-86aa3aa67da4180e786ec690808d0b91b23d7015]
	org.netbeans.modules.ide.dashboard/0 [0.7 dev-86aa3aa67da4180e786ec690808d0b91b23d7015]
	org.netbeans.modules.gradle/2 [2.48.0.1 1 dev-86aa3aa67da4180e786ec690808d0b91b23d7015]
	org.netbeans.modules.gradle.java [1.33.0.1.1 1 dev-86aa3aa67da4180e786ec690808d0b91b23d7015]
	org.netbeans.modules.gradle.test [1.27 dev-86aa3aa67da4180e786ec690808d0b91b23d7015]
	org.netbeans.modules.gradle.persistence [1.26 dev-86aa3aa67da4180e786ec690808d0b91b23d7015]
	org.netbeans.modules.gradle.editor [1.12 dev-86aa3aa67da4180e786ec690808d0b91b23d7015]
	org.netbeans.modules.gradle.dists [1.18 dev-86aa3aa67da4180e786ec690808d0b91b23d7015]
	org.netbeans.modules.gradle.dependencies [1.7.0.1.1.1 dev-86aa3aa67da4180e786ec690808d0b91b23d7015]
	org.netbeans.modules.extexecution.process [1.58 dev-86aa3aa67da4180e786ec690808d0b91b23d7015]
	org.netbeans.modules.editor.mimelookup.impl/1 [1.62 dev-86aa3aa67da4180e786ec690808d0b91b23d7015]
	org.netbeans.modules.defaults/1 [1.61 dev-86aa3aa67da4180e786ec690808d0b91b23d7015]
	org.netbeans.modules.autoupdate.cli [1.44 dev-86aa3aa67da4180e786ec690808d0b91b23d7015]
	org.netbeans.libs.nbjavacapi [21.8 dev-86aa3aa67da4180e786ec690808d0b91b23d7015]
	org.netbeans.libs.jna.platform/2 [2.25 dev-86aa3aa67da4180e786ec690808d0b91b23d7015]
	org.netbeans.libs.graaljs/2 [1.31 dev-86aa3aa67da4180e786ec690808d0b91b23d7015]
	org.netbeans.libs.freemarker/1 [2.64.0.239 239 dev-86aa3aa67da4180e786ec690808d0b91b23d7015]
	org.netbeans.core.network [1.42 dev-86aa3aa67da4180e786ec690808d0b91b23d7015]
	org.netbeans.core.io.ui/1 [1.60 dev-86aa3aa67da4180e786ec690808d0b91b23d7015]
	org.netbeans.agent [1.2 dev-86aa3aa67da4180e786ec690808d0b91b23d7015]
	org.apache.netbeans.l10n.zh_CN [0.0.1 260320]
	org.apache.netbeans.l10n.ja [0.0.1 260320]
INFO [org.netbeans.core.netigso.Netigso]: bundle com.google.guava.failureaccess@1.0.3 resolved
INFO [org.netbeans.core.netigso.Netigso]: bundle com.googlecode.javaewah.JavaEWAH@1.2.3 resolved
INFO [org.netbeans.core.netigso.Netigso]: bundle com.google.guava@33.4.6.jre resolved
INFO [org.netbeans.core.netigso.Netigso]: bundle net.java.html.boot.script@1.8.2 resolved
INFO [org.netbeans.core.netigso.Netigso]: bundle org.eclipse.osgi@3.9.1.v20140110-1610 started
INFO [org.netbeans.core.network.proxy.NetworkProxyReloader]: System network proxy resolver: Gnome
INFO [org.netbeans.core.network.proxy.gnome.GsettingsNetworkProxy]: GSettings system proxy resolver: direct connection
INFO [org.netbeans.core.network.proxy.NetworkProxyReloader]: System network proxy reloading succeeded.
INFO [org.netbeans.core.network.proxy.NetworkProxyReloader]: System network proxy - mode: direct
INFO [org.netbeans.core.network.proxy.NetworkProxyReloader]: System network proxy: fell to default (correct if direct mode went before)
INFO [org.netbeans.modules.java.lsp.server.protocol.WorkspaceServiceImpl]: Project /home/kairav/dev/tries/papa@1cff5d:204313f5: 0 test roots opened in 5ms
WARNING [org.openide.filesystems.Ordering]: Not all children in / marked with the position attribute: [org-netbeans-modules-refactoring-java-plugins-InstantRefactoringPerformer$UndoableWrapper.instance, org-netbeans-modules-testng-ui-actions-TestClassInfoTask$TestNGComputeTestMethodsImpl.instance, org-netbeans-modules-debugger-jpda-ui-values-InlineValueProviderImpl.instance, org-netbeans-modules-java-hints-spiimpl-hints-HintsTask$SuggestionsPositionRefresherHelper.instance, org-netbeans-modules-java-hints-spiimpl-options-HintsSettings$GlobalSettingsProvider.instance, org-netbeans-modules-editor-java-JavaKit$JavaTypedTextInterceptor$Factory.instance, org-netbeans-modules-java-hints-declarative-debugging-EvaluationSpanTask$FactoryImpl.instance, org-netbeans-modules-refactoring-java-ui-HighlightsLayerFactory.instance, org-netbeans-modules-java-editor-codegen-RemoveSurroundingCodePanel$UnwrapCodeHighlightsLayerFactory.instance, EditorKit.instance, org-netbeans-modules-java-hints-infrastructure-JavaErrorProvider.instance, org-netbeans-modules-java-hints-infrastructure-ErrorHintsFactory.instance, org-netbeans-modules-junit-ui-actions-TestClassInfoTask$JUnitComputeTestMethodsImpl.instance, org-netbeans-modules-java-editor-semantic-SemanticHighlighterFactory.instance, org-netbeans-modules-java-hints-infrastructure-EmbeddedLazyHintComputation$FactoryImpl.instance, Reformatter.instance, org-netbeans-modules-java-source-indexing-JavaCustomIndexer$Factory-register.instance, org-netbeans-modules-java-hints-infrastructure-ErrorPositionRefresherHelper.instance, org-netbeans-modules-java-hints-introduce-IntroduceHint$HLFImpl.instance, org-netbeans-modules-editor-java-CamelCaseOperations$JavaCamelCaseInterceptor$JavaFactory.instance, org-netbeans-modules-java-editor-whitelist-WhiteListCheckTask$Factory.instance, org-netbeans-modules-gsf-codecoverage-CoverageHighlightsLayerFactory.instance, SourcePathCheck.instance, org-netbeans-modules-editor-java-JavaKit$JavaDeletedTextInterceptor$Factory.instance, org-netbeans-modules-java-editor-fold-ResourceStringFoldProvider.instance, AutoIndenter.instance, org-netbeans-modules-whitelist-index-WhiteListIndexerPlugin$Factory.instance, org-netbeans-modules-java-debug-HighlightsLayerFactoryImpl.instance, org-netbeans-modules-debugger-jpda-ui-models-InlineValueComputerImpl-createHighlightsLayerFactory.instance, org-netbeans-modules-refactoring-java-plugins-InstantRefactoringPerformer$RenameDeletedTextInterceptor$Factory.instance, org-netbeans-modules-java-source-parsing-JavacParserFactory.instance, org-netbeans-modules-java-editor-semantic-HighlightsLayerFactoryImpl.instance, org-netbeans-modules-java-editor-rename-InstantRenamePerformer$RenameDeletedTextInterceptor$Factory.instance, org-netbeans-modules-java-editor-overridden-ComputeAnnotations$FactoryImpl.instance, org.netbeans.spi.editor.highlighting.HighlightsLayerFactory.instance, org-netbeans-modules-nbcode-java-lsp-server-telemetry-JavaLangFeaturesTelemetryProvider.instance, Reindenter.instance, org-netbeans-modules-java-editor-semantic-MarkOccurrencesHighlighterFactory.instance, org-netbeans-modules-debugger-jpda-projectsui-HighlightsLayerFactoryImpl.instance, org-netbeans-modules-java-source-parsing-VanillaPartialReparser$VerifyPartialReparse$FactoryImpl.instance, org-netbeans-modules-java-hints-spiimpl-hints-HintsTask$HintPositionRefresherHelper.instance, org-netbeans-modules-refactoring-java-callhierarchy-LspCallHierarchyProvider.instance, language.instance, org-netbeans-modules-editor-java-JavaKit$JavaTypedBreakInterceptor$JavaFactory.instance, org-netbeans-modules-java-hints-introduce-PositionRefresherHelperImpl.instance, org-netbeans-modules-java-hints-spiimpl-JavaHintsPositionRefresher.instance, org-netbeans-modules-editor-fold-ui-FoldingEditorSupport$F.instance, org-netbeans-modules-java-source-indexing-JavaBinaryIndexer$Factory-register.instance, org-netbeans-lib-editor-codetemplates-textsync-TextRegionManager$Highlighting$HLFactory.instance, org-netbeans-modules-merge-builtin-visualizer-MergeHighlightsLayerFactory.instance, org-netbeans-modules-csl-hints-infrastructure-SelectionHintsTaskFactory.instance, org-netbeans-modules-editor-hints-lsp-HintsDiagnosticsProvider.instance, org-netbeans-modules-java-hints-infrastructure-EmbeddedHintsCollector$Factory.instance, org-netbeans-modules-csl-core-CslCamelCaseInterceptor$Factory.instance, org-netbeans-modules-csl-editor-overridden-ComputeAnnotations$FactoryImpl.instance, org-netbeans-modules-editor-impl-DocumentFactoryImpl.instance, org-netbeans-modules-diff-builtin-visualizer-editable-DiffHighlightsLayerFactory.instance, org-netbeans-modules-csl-editor-fold-GsfFoldManagerTaskFactory.instance, org-netbeans-modules-editor-impl-highlighting-HLFactory.instance, org-netbeans-modules-editor-hints-HighlightsLayerFactoryImpl.instance, org-netbeans-modules-editor-bracesmatching-BracesMatchHighlighting$Factory.instance, org-netbeans-lib-editor-hyperlink-HyperlinkOperation$HighlightFactoryImpl.instance, org-netbeans-modules-csl-editor-semantic-MarkOccurrencesHighlighterFactory.instance, org-netbeans-modules-editor-lib2-highlighting-Factory.instance, org-netbeans-modules-csl-hints-infrastructure-HintsTaskFactory.instance, org-netbeans-modules-refactoring-spi-impl-UndoableWrapper.instance, COSSynchronizingIndexer.instance, org-netbeans-modules-gsf-testrunner-ui-TestMethodFinderImpl$Factory.instance, org-netbeans-modules-csl-hints-GsfHintsFactory.instance, org-netbeans-modules-csl-navigation-BreadCrumbsTask$TaskFactoryImpl.instance, org-netbeans-modules-editor-url-HighlightURLs$FactoryImpl.instance, org-netbeans-modules-csl-hints-infrastructure-SuggestionsTaskFactory.instance, org-netbeans-modules-java-lsp-server-protocol-Server$CustomIndexerTelemetryFactory-getDefault.instance, org-netbeans-modules-jumpto-file-FileIndexer$Factory.instance, org-netbeans-modules-csl-navigation-CaretListeningFactory.instance, org-netbeans-modules-csl-navigation-ClassMemberNavigatorSourceFactory.instance, org-netbeans-modules-csl-editor-semantic-SemanticHighlighterFactory.instance], but some are: [org-netbeans-modules-editor-java-JavaStructureProvider.instance, org-netbeans-modules-java-file-launcher-indexer-CompilerOptionsIndexer$FactoryImpl.instance]
INFO [org.netbeans.modules.java.lsp.server.explorer.NodeLookupContextValues]: Service class org.netbeans.modules.cloud.oracle.devops.BuildPipelineItem not found.
INFO [org.netbeans.modules.java.lsp.server.explorer.NodeLookupContextValues]: Service class org.netbeans.modules.cloud.oracle.devops.BuildRunFolderItem not found.
INFO [org.netbeans.modules.gsf.testrunner.ui.TestMethodFinderImpl]: Listener added: org.netbeans.modules.java.lsp.server.protocol.WorkspaceServiceImpl$$Lambda/0x000071db5a40a348@474f1a1d
INFO [org.netbeans.modules.java.lsp.server.protocol.Server$LanguageServerImpl]: 0 projects opened in 365ms
WARNING [org.netbeans.modules.nbcode.java.notebook.NotebookSessionManager]: Project not found or not open in workspace: file:///home/kairav/dev/tries/papa/rollingHour.ipynb
WARNING [null]: Last record repeated again.
