-------------------------------------------------------------------------------
>Log Session: Saturday, August 8, 2026, 6:31:39 PM India Standard Time
>System Info: 
  Product Version         = vsc dev-38d8c29f592585d563c565a40e811a09115611da
  Operating System        = Linux version 7.0.0-28-generic running on amd64
  Java; VM; Vendor        = 21.0.11; OpenJDK 64-Bit Server VM 21.0.11+10-1-24.04.2-Ubuntu; Ubuntu
  Runtime                 = OpenJDK Runtime Environment 21.0.11+10-1-24.04.2-Ubuntu
  Java Home               = /usr/lib/jvm/java-21-openjdk-amd64
  System Locale; Encoding = en (nbcode); UTF-8
  Home Directory          = /home/kairav
  Current Directory       = /home/kairav/.config/Code/User/workspaceStorage/745f6f4dd32a3eed8794b0e5fd0f1e90/Oracle.oracle-java/userdir
  User Directory          = /home/kairav/.config/Code/User/workspaceStorage/745f6f4dd32a3eed8794b0e5fd0f1e90/Oracle.oracle-java/userdir
  Cache Directory         = /home/kairav/.config/Code/User/workspaceStorage/745f6f4dd32a3eed8794b0e5fd0f1e90/Oracle.oracle-java/userdir/var/cache
  Installation            = /home/kairav/.vscode/extensions/oracle.oracle-java-26.0.1/nbcode/ide
                            /home/kairav/.vscode/extensions/oracle.oracle-java-26.0.1/nbcode/extide
                            /home/kairav/.vscode/extensions/oracle.oracle-java-26.0.1/nbcode/webcommon
                            /home/kairav/.vscode/extensions/oracle.oracle-java-26.0.1/nbcode/java
                            /home/kairav/.vscode/extensions/oracle.oracle-java-26.0.1/nbcode/extra
                            /home/kairav/.vscode/extensions/oracle.oracle-java-26.0.1/nbcode/nbcode
                            /home/kairav/.vscode/extensions/oracle.oracle-java-26.0.1/nbcode/platform
  Boot & Ext. Classpath   = 
  Application Classpath   = /home/kairav/.vscode/extensions/oracle.oracle-java-26.0.1/nbcode/platform/lib/boot.jar:/home/kairav/.vscode/extensions/oracle.oracle-java-26.0.1/nbcode/platform/lib/org-openide-modules.jar:/home/kairav/.vscode/extensions/oracle.oracle-java-26.0.1/nbcode/platform/lib/org-openide-util-lookup.jar:/home/kairav/.vscode/extensions/oracle.oracle-java-26.0.1/nbcode/platform/lib/org-openide-util-ui.jar:/home/kairav/.vscode/extensions/oracle.oracle-java-26.0.1/nbcode/platform/lib/org-openide-util.jar
  Startup Classpath       = /home/kairav/.vscode/extensions/oracle.oracle-java-26.0.1/nbcode/platform/core/asm-9.9.jar:/home/kairav/.vscode/extensions/oracle.oracle-java-26.0.1/nbcode/platform/core/core.jar:/home/kairav/.vscode/extensions/oracle.oracle-java-26.0.1/nbcode/platform/core/core-base.jar:/home/kairav/.vscode/extensions/oracle.oracle-java-26.0.1/nbcode/platform/core/org-netbeans-libs-asm.jar:/home/kairav/.vscode/extensions/oracle.oracle-java-26.0.1/nbcode/platform/core/asm-commons-9.9.jar:/home/kairav/.vscode/extensions/oracle.oracle-java-26.0.1/nbcode/platform/core/asm-tree-9.9.jar:/home/kairav/.vscode/extensions/oracle.oracle-java-26.0.1/nbcode/platform/core/org-openide-filesystems.jar:/home/kairav/.vscode/extensions/oracle.oracle-java-26.0.1/nbcode/platform/core/org-openide-filesystems-compat8.jar:/home/kairav/.vscode/extensions/oracle.oracle-java-26.0.1/nbcode/nbcode/core/locale/core_nbcode.jar
  Java Boot Modules       = [java.base, java.compiler, java.datatransfer, java.desktop, java.instrument, java.logging, java.management, java.management.rmi, java.naming, java.net.http, java.prefs, java.rmi, java.scripting, java.security.jgss, java.security.sasl, java.smartcardio, java.sql, java.sql.rowset, java.transaction.xa, java.xml, java.xml.crypto, jdk.accessibility, jdk.attach, jdk.charsets, jdk.compiler, jdk.crypto.cryptoki, jdk.crypto.ec, jdk.dynalink, jdk.editpad, jdk.httpserver, jdk.internal.ed, jdk.internal.jvmstat, jdk.internal.le, jdk.internal.opt, jdk.jartool, jdk.javadoc, jdk.jconsole, jdk.jdeps, jdk.jdi, jdk.jdwp.agent, jdk.jfr, jdk.jlink, jdk.jpackage, jdk.jshell, jdk.jsobject, jdk.jstatd, jdk.localedata, jdk.management, jdk.management.agent, jdk.management.jfr, jdk.naming.dns, jdk.naming.rmi, jdk.net, jdk.nio.mapmode, jdk.random, jdk.sctp, jdk.security.auth, jdk.security.jgss, jdk.unsupported, jdk.unsupported.desktop, jdk.xml.dom, jdk.zipfs]
-------------------------------------------------------------------------------
Warning - could not install some modules:
	org.netbeans.modules.texttools - No module providing the capability org.openide.windows.WindowManager could be found.
	org.netbeans.modules.javascript2.vue - The module named org.netbeans.modules.html.lexer/1 was needed and not found.
	org.netbeans.modules.javascript2.vue - The module named org.netbeans.modules.javascript2.lexer/1 was needed and not found.
	org.netbeans.modules.javascript2.vue - The module named org.netbeans.modules.javascript2.jade/1 was needed and not found.
	org.netbeans.modules.javascript2.vue - The module named org.netbeans.modules.css.lib/2 was needed and not found.
	org.netbeans.modules.j2ee.persistence - The module named org.netbeans.modules.dbapi was needed and not found.
	org.netbeans.modules.j2ee.persistence - The module named org.netbeans.modules.dbschema/1 was needed and not found.
	org.netbeans.modules.javadoc - The module named org.netbeans.modules.html.editor.lib/3 was needed and not found.
	org.netbeans.modules.javadoc - The module named org.netbeans.modules.html.parser/1 was needed and not found.
	org.netbeans.modules.svg - The module named org.netbeans.modules.xml was needed and not found.
Warning - could not install some modules:
	Texttools - No module providing the capability org.openide.windows.WindowManager could be found.
	Javascript2 Vue - The module named org.netbeans.modules.html.lexer/1 was needed and not found.
	Javascript2 Vue - The module named org.netbeans.modules.javascript2.lexer/1 was needed and not found.
	Javascript2 Vue - The module named org.netbeans.modules.javascript2.jade/1 was needed and not found.
	Javascript2 Vue - The module named org.netbeans.modules.css.lib/2 was needed and not found.
	Java Persistence API Support - The module named org.netbeans.modules.dbapi was needed and not found.
	Java Persistence API Support - The module named org.netbeans.modules.dbschema/1 was needed and not found.
	Javadoc - The module named org.netbeans.modules.html.editor.lib/3 was needed and not found.
	Javadoc - The module named org.netbeans.modules.html.parser/1 was needed and not found.
	SVG Support - The module named org.netbeans.modules.xml was needed and not found.
INFO [org.netbeans.modules.netbinox]: Install area set to file:/home/kairav/.vscode/extensions/oracle.oracle-java-26.0.1/nbcode/
WARNING [org.netbeans.core.modules]: the modules [org.netbeans.modules.xml.text] use org.netbeans.modules.editor.deprecated.pre65formatting which is deprecated.
WARNING [org.netbeans.core.modules]: the modules [org.netbeans.modules.xml.text] use org.netbeans.modules.editor.structure which is deprecated.
WARNING [org.netbeans.core.modules]: the modules [org.netbeans.modules.java.hints, org.netbeans.modules.java.lsp.server, org.netbeans.modules.maven.hints] use org.netbeans.modules.java.hints.legacy.spi which is deprecated: Use Java Hints SPI (org.netbeans.spi.java.hints) instead.
INFO [org.netbeans.modules.nbcode.integration.UIDefaultsIconMetadata]: Icon not used: MSG_WaitScan
INFO [org.netbeans.modules.nbcode.integration.UIDefaultsIconMetadata]: Icon not used: Table.columnSelection
INFO [org.netbeans.modules.nbcode.integration.UIDefaultsIconMetadata]: Lazy-replacing icon: Tree.closedIcon
INFO [org.netbeans.modules.nbcode.integration.UIDefaultsIconMetadata]: Icon not used: nb.multitabs.button.dropdown.icon
INFO [org.netbeans.modules.nbcode.integration.UIDefaultsIconMetadata]: Icon not used: nb.close.tab.icon.enabled.icon
INFO [org.netbeans.modules.nbcode.integration.UIDefaultsIconMetadata]: Icon not used: nb.bigclose.tab.icon.pressed.icon
INFO [org.netbeans.modules.nbcode.integration.UIDefaultsIconMetadata]: Icon not used: Tree.gtk_expandedIcon
INFO [org.netbeans.modules.nbcode.integration.UIDefaultsIconMetadata]: Lazy-replacing icon: FileChooser.upFolderIcon
INFO [org.netbeans.modules.nbcode.integration.UIDefaultsIconMetadata]: Lazy-replacing icon: RadioButton.icon
INFO [org.netbeans.modules.nbcode.integration.UIDefaultsIconMetadata]: Icon not used: nb.close.tab.icon.pressed.icon
INFO [org.netbeans.modules.nbcode.integration.UIDefaultsIconMetadata]: Icon not used: nb.close.tab.icon.rollover.icon
INFO [org.netbeans.modules.nbcode.integration.UIDefaultsIconMetadata]: Icon not used: ComboBox.icon
INFO [org.netbeans.modules.nbcode.integration.UIDefaultsIconMetadata]: Icon not used: nb.bigclose.tab.icon.rollover.icon
INFO [org.netbeans.modules.nbcode.integration.UIDefaultsIconMetadata]: Icon not used: ETableHeader.ascendingIcon
INFO [org.netbeans.modules.nbcode.integration.UIDefaultsIconMetadata]: Lazy-replacing icon: Tree.leafIcon
INFO [org.netbeans.modules.nbcode.integration.UIDefaultsIconMetadata]: Lazy-replacing icon: Tree.openIcon
INFO [org.netbeans.modules.nbcode.integration.UIDefaultsIconMetadata]: Icon not used: nb.multitabs.button.left.icon
INFO [org.netbeans.modules.nbcode.integration.UIDefaultsIconMetadata]: Lazy-replacing icon: CheckBox.icon
INFO [org.netbeans.modules.nbcode.integration.UIDefaultsIconMetadata]: Lazy-replacing icon: OptionPane.informationIcon
INFO [org.netbeans.modules.nbcode.integration.UIDefaultsIconMetadata]: Lazy-replacing icon: Tree.expandedIcon
INFO [org.netbeans.modules.nbcode.integration.UIDefaultsIconMetadata]: Icon not used: ToolBar.handleIcon
INFO [org.netbeans.modules.nbcode.integration.UIDefaultsIconMetadata]: Lazy-replacing icon: FileChooser.homeFolderIcon
INFO [org.netbeans.modules.nbcode.integration.UIDefaultsIconMetadata]: Icon not used: nb.popupswitcher.closebutton.rolloverIcon
INFO [org.netbeans.modules.nbcode.integration.UIDefaultsIconMetadata]: Icon not used: nb.multitabs.button.right.icon
INFO [org.netbeans.modules.nbcode.integration.UIDefaultsIconMetadata]: Icon not used: Tree.gtk_collapsedIcon
INFO [org.netbeans.modules.nbcode.integration.UIDefaultsIconMetadata]: Icon not used: ETableHeader.descendingIcon
INFO [org.netbeans.modules.nbcode.integration.UIDefaultsIconMetadata]: Lazy-replacing icon: FileChooser.newFolderIcon
INFO [org.netbeans.modules.nbcode.integration.UIDefaultsIconMetadata]: Icon not used: nb.multitabs.button.maximize.icon
INFO [org.netbeans.modules.nbcode.integration.UIDefaultsIconMetadata]: Icon not used: Nb.Explorer.Folder.icon
INFO [org.netbeans.modules.nbcode.integration.UIDefaultsIconMetadata]: Icon not used: PropSheet.customButtonIcon
INFO [org.netbeans.modules.nbcode.integration.UIDefaultsIconMetadata]: Lazy-replacing icon: OptionPane.warningIcon
INFO [org.netbeans.modules.nbcode.integration.UIDefaultsIconMetadata]: Icon not used: Nb.Explorer.Folder.openedIcon
INFO [org.netbeans.modules.nbcode.integration.UIDefaultsIconMetadata]: Icon not used: nb.bigclose.tab.icon.enabled.icon
INFO [org.netbeans.modules.nbcode.integration.UIDefaultsIconMetadata]: Icon not used: nb.tabcontrol.busy.icon.selected
INFO [org.netbeans.modules.nbcode.integration.UIDefaultsIconMetadata]: Icon not used: nb.popupswitcher.closebutton.defaultIcon
INFO [org.netbeans.modules.nbcode.integration.UIDefaultsIconMetadata]: Lazy-replacing icon: Menu.arrowIcon
INFO [org.netbeans.modules.nbcode.integration.UIDefaultsIconMetadata]: Icon not used: nb.tabcontrol.busy.icon.normal
INFO [org.netbeans.modules.nbcode.integration.UIDefaultsIconMetadata]: Lazy-replacing icon: Tree.collapsedIcon
INFO [org.netbeans.core.startup.NbEvents]: Turning on modules:
	slf4j.jdk14 [1.7.36 1.7.36]
	slf4j.api [1.7.36 1.7.36]
	org.openide.util.lookup [8.65 dev-38d8c29f592585d563c565a40e811a09115611da]
	org.openide.util [9.39 dev-38d8c29f592585d563c565a40e811a09115611da]
	org.openide.util.ui [9.40 dev-38d8c29f592585d563c565a40e811a09115611da]
	org.openide.modules [7.79 dev-38d8c29f592585d563c565a40e811a09115611da]
	org.netbeans.api.annotations.common/1 [1.59 dev-38d8c29f592585d563c565a40e811a09115611da]
	org.openide.filesystems [9.44 dev-38d8c29f592585d563c565a40e811a09115611da]
	org.openide.awt [7.99 dev-38d8c29f592585d563c565a40e811a09115611da]
	org.netbeans.api.progress/1 [1.79 dev-38d8c29f592585d563c565a40e811a09115611da]
	org.netbeans.api.progress.nb [1.79 dev-38d8c29f592585d563c565a40e811a09115611da]
	org.openide.dialogs [7.78 dev-38d8c29f592585d563c565a40e811a09115611da]
	org.openide.nodes [7.76 dev-38d8c29f592585d563c565a40e811a09115611da]
	org.openide.windows [6.108 dev-38d8c29f592585d563c565a40e811a09115611da]
	org.netbeans.libs.jsvg/2 [2.3 1.7.1 dev-38d8c29f592585d563c565a40e811a09115611da]
	org.openide.util.ui.svg [1.25 dev-38d8c29f592585d563c565a40e811a09115611da]
	org.netbeans.modules.editor.mimelookup/1 [1.71 dev-38d8c29f592585d563c565a40e811a09115611da]
	org.openide.text [6.100 dev-38d8c29f592585d563c565a40e811a09115611da]
	org.netbeans.api.scripting [1.28 dev-38d8c29f592585d563c565a40e811a09115611da]
	org.netbeans.swing.tabcontrol [1.88 dev-38d8c29f592585d563c565a40e811a09115611da]
	org.netbeans.swing.outline [1.65 dev-38d8c29f592585d563c565a40e811a09115611da]
	org.openide.explorer [6.93 dev-38d8c29f592585d563c565a40e811a09115611da]
	org.openide.actions [6.70 dev-38d8c29f592585d563c565a40e811a09115611da]
	org.netbeans.modules.queries/1 [1.74 dev-38d8c29f592585d563c565a40e811a09115611da]
	org.netbeans.api.templates [1.39 dev-38d8c29f592585d563c565a40e811a09115611da]
	org.openide.filesystems.nb [9.41 dev-38d8c29f592585d563c565a40e811a09115611da]
	org.openide.loaders [7.101 dev-38d8c29f592585d563c565a40e811a09115611da]
	org.netbeans.api.intent [1.33 dev-38d8c29f592585d563c565a40e811a09115611da]
	org.netbeans.api.io [1.34 dev-38d8c29f592585d563c565a40e811a09115611da]
	org.openide.io [1.80 dev-38d8c29f592585d563c565a40e811a09115611da]
	org.openide.filesystems.compat8 [9.40 dev-38d8c29f592585d563c565a40e811a09115611da]
	org.openide.execution [9.34 dev-38d8c29f592585d563c565a40e811a09115611da]
	org.netbeans.swing.plaf [1.73 dev-38d8c29f592585d563c565a40e811a09115611da]
	org.netbeans.modules.keyring [1.55 dev-38d8c29f592585d563c565a40e811a09115611da]
	org.netbeans.libs.asm [5.34 dev-38d8c29f592585d563c565a40e811a09115611da]
	org.netbeans.bootstrap/1 [2.110 dev-38d8c29f592585d563c565a40e811a09115611da]
	org.netbeans.core.startup.base [1.93.0.1 1 dev-38d8c29f592585d563c565a40e811a09115611da]
	org.netbeans.core.startup/1 [1.94.0.1 dev-38d8c29f592585d563c565a40e811a09115611da]
	org.netbeans.modules.sampler [1.45 dev-38d8c29f592585d563c565a40e811a09115611da]
	org.netbeans.core/2 [3.82 dev-38d8c29f592585d563c565a40e811a09115611da]
	org.netbeans.spi.quicksearch [1.58 dev-38d8c29f592585d563c565a40e811a09115611da]
	org.netbeans.modules.options.api/1 [1.76 dev-38d8c29f592585d563c565a40e811a09115611da]
	org.netbeans.libs.flatlaf/1 [1.25 3.6.2 dev-38d8c29f592585d563c565a40e811a09115611da]
	org.netbeans.swing.laf.flatlaf [1.24 dev-38d8c29f592585d563c565a40e811a09115611da]
	org.netbeans.spi.viewmodel/2 [1.82 dev-38d8c29f592585d563c565a40e811a09115611da]
	org.netbeans.spi.tasklist/1 [1.66.0.1 1 dev-38d8c29f592585d563c565a40e811a09115611da]
	org.netbeans.spi.navigator/1 [1.69 dev-38d8c29f592585d563c565a40e811a09115611da]
	org.netbeans.modules.editor.util/1 [1.96 dev-38d8c29f592585d563c565a40e811a09115611da]
	org.netbeans.modules.editor.settings.lib [1.82.0.1 1 dev-38d8c29f592585d563c565a40e811a09115611da]
	org.netbeans.modules.editor.settings/1 [1.88 dev-38d8c29f592585d563c565a40e811a09115611da]
	org.netbeans.modules.lexer/2 [1.94.0.1 1 dev-38d8c29f592585d563c565a40e811a09115611da]
	org.netbeans.modules.editor.fold/1 [1.76 dev-38d8c29f592585d563c565a40e811a09115611da]
	org.netbeans.modules.editor.document [1.40.0.3 3 dev-38d8c29f592585d563c565a40e811a09115611da]
	org.netbeans.modules.editor.lib2/1 [2.51.0.55.3 55 dev-38d8c29f592585d563c565a40e811a09115611da]
	org.netbeans.modules.editor.guards/1 [1.64 dev-38d8c29f592585d563c565a40e811a09115611da]
	org.netbeans.api.lsp/1 [1.37 dev-38d8c29f592585d563c565a40e811a09115611da]
	org.netbeans.modules.editor.indent/2 [1.74 dev-38d8c29f592585d563c565a40e811a09115611da]
	org.netbeans.modules.editor.lib/3 [4.38.0.23.3.55 23 dev-38d8c29f592585d563c565a40e811a09115611da]
	org.netbeans.modules.options.keymap [1.68 dev-38d8c29f592585d563c565a40e811a09115611da]
	org.netbeans.modules.editor.settings.storage/1 [1.83.0.1 dev-38d8c29f592585d563c565a40e811a09115611da]
	org.netbeans.modules.editor.fold.nbui [1.43.0.55 dev-38d8c29f592585d563c565a40e811a09115611da]
	org.netbeans.modules.editor/3 [1.118.0.6.3.23.55 6 dev-38d8c29f592585d563c565a40e811a09115611da]
	org.netbeans.libs.javacapi [8.55.0.3 3 dev-38d8c29f592585d563c565a40e811a09115611da]
	org.netbeans.lib.nbjavac [1.47.0.4.3 4 dev-38d8c29f592585d563c565a40e811a09115611da]
	org.netbeans.modules.editor.errorstripe.api/1 [2.63.0.1 1 dev-38d8c29f592585d563c565a40e811a09115611da]
	org.netbeans.api.java.classpath/1 [1.85 dev-38d8c29f592585d563c565a40e811a09115611da]
	org.netbeans.api.java/1 [1.98 dev-38d8c29f592585d563c565a40e811a09115611da]
	org.netbeans.modules.java.platform/1 [1.73 dev-38d8c29f592585d563c565a40e811a09115611da]
	org.netbeans.modules.options.editor/1 [1.92 dev-38d8c29f592585d563c565a40e811a09115611da]
	org.netbeans.modules.editor.errorstripe/2 [2.65.0.1.1 1 dev-38d8c29f592585d563c565a40e811a09115611da]
	org.netbeans.modules.projectapi/1 [1.103 dev-38d8c29f592585d563c565a40e811a09115611da]
	org.netbeans.modules.diff/1 [1.82.0.42.1 42 dev-38d8c29f592585d563c565a40e811a09115611da]
	org.netbeans.libs.lucene/3 [3.50 dev-38d8c29f592585d563c565a40e811a09115611da]
	org.netbeans.modules.masterfs/2 [2.86.0.2 2 dev-38d8c29f592585d563c565a40e811a09115611da]
	org.netbeans.modules.parsing.lucene/2 [2.67.0.1 1 dev-38d8c29f592585d563c565a40e811a09115611da]
	org.netbeans.modules.parsing.api/1 [9.38.0.8 8 dev-38d8c29f592585d563c565a40e811a09115611da]
	org.netbeans.modules.projectuiapi.base/1 [1.117.0.9 9 dev-38d8c29f592585d563c565a40e811a09115611da]
	org.netbeans.modules.project.indexingbridge [1.48 dev-38d8c29f592585d563c565a40e811a09115611da]
	org.netbeans.modules.parsing.indexing [9.43.0.1.3.8 1 dev-38d8c29f592585d563c565a40e811a09115611da]
	org.netbeans.modules.refactoring.api [1.78.0.1 1 dev-38d8c29f592585d563c565a40e811a09115611da]
	org.netbeans.modules.classfile/1 [1.83 dev-38d8c29f592585d563c565a40e811a09115611da]
	org.netbeans.modules.editor.indent.support [1.73 dev-38d8c29f592585d563c565a40e811a09115611da]
	org.netbeans.modules.projectuiapi/1 [1.120.0.8 8 dev-38d8c29f592585d563c565a40e811a09115611da]
	org.netbeans.modules.editor.indent.project/0 [1.53 dev-38d8c29f592585d563c565a40e811a09115611da]
	org.netbeans.core.multiview/1 [1.75 dev-38d8c29f592585d563c565a40e811a09115611da]
	org.netbeans.modules.java.lexer/1 [1.67 dev-38d8c29f592585d563c565a40e811a09115611da]
	org.netbeans.modules.java.preprocessorbridge [1.80.0.1 1 dev-38d8c29f592585d563c565a40e811a09115611da]
	org.netbeans.modules.java.source.base [2.82.0.6.4.3.8.1 6 dev-38d8c29f592585d563c565a40e811a09115611da]
	org.netbeans.modules.autoupdate.services [1.87 dev-38d8c29f592585d563c565a40e811a09115611da]
	org.netbeans.modules.java.source [0.196.0.32.4.3.6.1 32 dev-38d8c29f592585d563c565a40e811a09115611da]
	org.netbeans.modules.project.spi.intern [1.34 dev-38d8c29f592585d563c565a40e811a09115611da]
	org.netbeans.modules.project.libraries/1 [1.84 dev-38d8c29f592585d563c565a40e811a09115611da]
	org.apache.xml.resolver [1.62.0.12 12 dev-38d8c29f592585d563c565a40e811a09115611da]
	org.netbeans.api.xml/1 [1.75 dev-38d8c29f592585d563c565a40e811a09115611da]
	org.netbeans.modules.xml.catalog/2 [3.35.0.4 4 dev-38d8c29f592585d563c565a40e811a09115611da]
	org.netbeans.modules.project.ant/1 [1.98 dev-38d8c29f592585d563c565a40e811a09115611da]
	org.netbeans.modules.java.project/1 [1.103 dev-38d8c29f592585d563c565a40e811a09115611da]
	org.netbeans.modules.settings/1 [1.80 dev-38d8c29f592585d563c565a40e811a09115611da]
	org.netbeans.spi.editor.hints/0 [1.73.0.8.55 8 dev-38d8c29f592585d563c565a40e811a09115611da]
	org.netbeans.modules.code.analysis/0 [1.57 dev-38d8c29f592585d563c565a40e811a09115611da]
	org.netbeans.spi.java.hints [1.65.0.13.4.3.32.6.8 13 dev-38d8c29f592585d563c565a40e811a09115611da]
	org.netbeans.api.debugger/1 [1.86 dev-38d8c29f592585d563c565a40e811a09115611da]
	org.netbeans.spi.debugger.ui/1 [2.90 dev-38d8c29f592585d563c565a40e811a09115611da]
	org.netbeans.api.debugger.jpda/2 [3.41 dev-38d8c29f592585d563c565a40e811a09115611da]
	org.netbeans.spi.debugger.jpda.ui [3.34 dev-38d8c29f592585d563c565a40e811a09115611da]
	org.netbeans.modules.xml.core/2 [1.74.0.4 4 dev-38d8c29f592585d563c565a40e811a09115611da]
	org.netbeans.modules.xml.xam/1 [1.63.0.1 1 dev-38d8c29f592585d563c565a40e811a09115611da]
	org.netbeans.modules.xml.lexer [1.61 dev-38d8c29f592585d563c565a40e811a09115611da]
	org.netbeans.modules.xml.xdm/1 [1.65.0.1 1 dev-38d8c29f592585d563c565a40e811a09115611da]
	org.netbeans.modules.editor.breadcrumbs/0 [1.48 dev-38d8c29f592585d563c565a40e811a09115611da]
	org.netbeans.modules.editor.bracesmatching/0 [1.70.0.55 dev-38d8c29f592585d563c565a40e811a09115611da]
	org.netbeans.modules.editor.deprecated.pre65formatting/0 [1.62.0.1.6.23.55 1 dev-38d8c29f592585d563c565a40e811a09115611da]
	org.netbeans.modules.editor.completion/1 [1.76.0.2 2 dev-38d8c29f592585d563c565a40e811a09115611da]
	org.netbeans.modules.editor.codetemplates/1 [1.75.0.1 1 dev-38d8c29f592585d563c565a40e811a09115611da]
	org.netbeans.modules.editor.actions/1 [1.62.0.55 dev-38d8c29f592585d563c565a40e811a09115611da]
	org.netbeans.modules.csl.types/1 [1.31 dev-38d8c29f592585d563c565a40e811a09115611da]
	org.netbeans.core.ui/1 [1.76 dev-38d8c29f592585d563c565a40e811a09115611da]
	org.netbeans.api.search [1.52 dev-38d8c29f592585d563c565a40e811a09115611da]
	org.netbeans.modules.jumpto/1 [1.86.0.1 1 dev-38d8c29f592585d563c565a40e811a09115611da]
	org.netbeans.modules.csl.api/2 [2.89.0.2.1.1.8.1 2 dev-38d8c29f592585d563c565a40e811a09115611da]
	org.netbeans.modules.editor.structure/1 [1.78.0.1 1 dev-38d8c29f592585d563c565a40e811a09115611da]
	org.netbeans.modules.xml.text/2 [1.90.0.1 1 dev-38d8c29f592585d563c565a40e811a09115611da]
	org.netbeans.modules.libs.corba.omgapi [1.26 dev-38d8c29f592585d563c565a40e811a09115611da]
	org.netbeans.modules.whitelist [1.54 dev-38d8c29f592585d563c565a40e811a09115611da]
	org.netbeans.libs.json_simple/1 [0.43 dev-38d8c29f592585d563c565a40e811a09115611da]
	org.netbeans.modules.web.common [1.130 dev-38d8c29f592585d563c565a40e811a09115611da]
	org.netbeans.modules.updatecenters/1 [1.71 dev-38d8c29f592585d563c565a40e811a09115611da]
	org.netbeans.libs.flexmark [1.24 dev-38d8c29f592585d563c565a40e811a09115611da]
	org.netbeans.modules.java.sourceui/1 [1.79.0.2.4.3.32.6 2 dev-38d8c29f592585d563c565a40e811a09115611da]
	org.netbeans.modules.project.libraries.ui/1 [1.83 dev-38d8c29f592585d563c565a40e811a09115611da]
	org.netbeans.modules.project.ant.ui/1 [1.96 dev-38d8c29f592585d563c565a40e811a09115611da]
	org.netbeans.api.xml.ui/1 [1.75 dev-38d8c29f592585d563c565a40e811a09115611da]
	org.netbeans.modules.options.java [1.45 dev-38d8c29f592585d563c565a40e811a09115611da]
	org.apache.tools.ant.module/3 [3.115.0.2 2 dev-38d8c29f592585d563c565a40e811a09115611da]
	org.netbeans.modules.java.platform.ui/1 [1.73 dev-38d8c29f592585d563c565a40e811a09115611da]
	org.netbeans.modules.java.project.ui/1 [1.106 dev-38d8c29f592585d563c565a40e811a09115611da]
	org.netbeans.modules.extexecution.base/2 [1.37 dev-38d8c29f592585d563c565a40e811a09115611da]
	org.netbeans.modules.extexecution/2 [1.80 dev-38d8c29f592585d563c565a40e811a09115611da]
	org.netbeans.modules.gsf.testrunner/2 [2.43 dev-38d8c29f592585d563c565a40e811a09115611da]
	org.netbeans.modules.gsf.testrunner.ui [1.46.0.1 dev-38d8c29f592585d563c565a40e811a09115611da]
	org.netbeans.modules.java.testrunner [1.51 dev-38d8c29f592585d563c565a40e811a09115611da]
	org.netbeans.modules.java.testrunner.ui [1.35 dev-38d8c29f592585d563c565a40e811a09115611da]
	org.netbeans.modules.gototest/1 [1.64 dev-38d8c29f592585d563c565a40e811a09115611da]
	org.netbeans.libs.testng/1 [1.46 dev-38d8c29f592585d563c565a40e811a09115611da]
	org.netbeans.modules.testng [2.51 dev-38d8c29f592585d563c565a40e811a09115611da]
	org.netbeans.modules.testng.ui [1.40 dev-38d8c29f592585d563c565a40e811a09115611da]
	org.netbeans.modules.templates/1 [1.38 dev-38d8c29f592585d563c565a40e811a09115611da]
	org.netbeans.modules.swing.validation/2 [1.63 dev-38d8c29f592585d563c565a40e811a09115611da]
	org.netbeans.modules.sendopts/2 [2.67 dev-38d8c29f592585d563c565a40e811a09115611da]
	org.netbeans.modules.javahelp/1 [2.72 dev-38d8c29f592585d563c565a40e811a09115611da]
	org.netbeans.modules.java.file.launcher [1.8 dev-38d8c29f592585d563c565a40e811a09115611da]
	org.netbeans.modules.refactoring.java/1 [1.93.0.1.3 1 dev-38d8c29f592585d563c565a40e811a09115611da]
	org.netbeans.modules.properties/1 [1.86 dev-38d8c29f592585d563c565a40e811a09115611da]
	org.netbeans.modules.properties.syntax/1 [1.81 dev-38d8c29f592585d563c565a40e811a09115611da]
	org.netbeans.api.dashboard/0 [0.8 dev-38d8c29f592585d563c565a40e811a09115611da]
	org.netbeans.core.execution/1 [1.73 dev-38d8c29f592585d563c565a40e811a09115611da]
	org.netbeans.modules.favorites/1 [1.77 dev-38d8c29f592585d563c565a40e811a09115611da]
	org.netbeans.modules.projectui [1.90.0.8.9 dev-38d8c29f592585d563c565a40e811a09115611da]
	org.netbeans.modules.projectapi.nb [1.35 dev-38d8c29f592585d563c565a40e811a09115611da]
	org.netbeans.modules.project.dependency [1.16.0.1 1 dev-38d8c29f592585d563c565a40e811a09115611da]
	org.netbeans.modules.progress.ui [1.64 dev-38d8c29f592585d563c565a40e811a09115611da]
	org.netbeans.modules.print [7.57 dev-38d8c29f592585d563c565a40e811a09115611da]
	org.netbeans.modules.parsing.nb [1.35.0.8.1 dev-38d8c29f592585d563c565a40e811a09115611da]
	org.netbeans.libs.osgi [1.53 dev-38d8c29f592585d563c565a40e811a09115611da]
	org.netbeans.core.netigso [1.62 dev-38d8c29f592585d563c565a40e811a09115611da]
	org.netbeans.modules.netbinox [1.72 dev-38d8c29f592585d563c565a40e811a09115611da]
	org.netbeans.html.xhr4j [1.8.2 1.8.2]
	net.java.html.json [1.8.2 1.8.2]
	net.java.html [1.8.2 1.8.2]
	net.java.html.boot [1.8.2 1.8.2]
	org.netbeans.html.ko4j [1.8.2 1.8.2]
	org.netbeans.api.htmlui [1.39 dev-38d8c29f592585d563c565a40e811a09115611da]
	org.netbeans.modules.java.hints.legacy.spi/1 [1.48.0.1.13 1 dev-38d8c29f592585d563c565a40e811a09115611da]
	com.google.gson [2.13.2 2.13.2]
	org.netbeans.modules.java.completion [2.17.0.2 2 dev-38d8c29f592585d563c565a40e811a09115611da]
	org.netbeans.modules.nativeimage.api/0 [0.23 dev-38d8c29f592585d563c565a40e811a09115611da]
	org.apache.commons.lang3 [3.19.0 3.19.0]
	org.netbeans.modules.java.editor.base [2.96.0.1 1 dev-38d8c29f592585d563c565a40e811a09115611da]
	org.apache.commons.codec [1.18.0 1.18.0]
	org.apache.commons.logging [1.3.5 1.3.5]
	org.apache.commons.commons_io [2.22 dev-38d8c29f592585d563c565a40e811a09115611da]
	org.netbeans.modules.java.nativeimage.debugger/0 [0.21 dev-38d8c29f592585d563c565a40e811a09115611da]
	org.netbeans.modules.java.editor/1 [2.99.0.12.1.1.1 12 dev-38d8c29f592585d563c565a40e811a09115611da]
	org.netbeans.core.ide/1 [1.72 dev-38d8c29f592585d563c565a40e811a09115611da]
	org.netbeans.modules.db.metadata.model/1 [1.42 dev-38d8c29f592585d563c565a40e811a09115611da]
	org.netbeans.modules.db/1 [1.100.0.30 30 dev-38d8c29f592585d563c565a40e811a09115611da]
	org.netbeans.modules.javascript2.debug/1 [1.49 dev-38d8c29f592585d563c565a40e811a09115611da]
	org.netbeans.libs.graalsdk [1.32 dev-38d8c29f592585d563c565a40e811a09115611da]
	org.netbeans.libs.truffleapi [1.32 dev-38d8c29f592585d563c565a40e811a09115611da]
	org.netbeans.modules.debugger.jpda.projects [1.71 dev-38d8c29f592585d563c565a40e811a09115611da]
	org.netbeans.modules.debugger.jpda.projectsui [1.34 dev-38d8c29f592585d563c565a40e811a09115611da]
	org.netbeans.modules.debugger.jpda/2 [1.140.0.80 80 dev-38d8c29f592585d563c565a40e811a09115611da]
	org.netbeans.modules.debugger.jpda.ui/1 [1.85 dev-38d8c29f592585d563c565a40e811a09115611da]
	org.netbeans.modules.debugger.jpda.truffle/1 [1.28 dev-38d8c29f592585d563c565a40e811a09115611da]
	org.netbeans.html.presenters.spi [1.8.2 1.8.2]
	org.netbeans.modules.editor.tools.storage [1.39 dev-38d8c29f592585d563c565a40e811a09115611da]
	org.netbeans.modules.java.hints/1 [1.114.0.17.3.12.1.1.32.6.1.1.13 17 dev-38d8c29f592585d563c565a40e811a09115611da]
	org.netbeans.modules.java.lsp.server/2 [2.15.0.1.2.12.1.17.32.6.2.8.1.8.1.1.13 1 dev-38d8c29f592585d563c565a40e811a09115611da]
	org.netbeans.modules.nbcode.java.notebook [1.0.1.1.6 1 260804]
	org.netbeans.modules.nbcode.java.lsp.server.telemetry [1.0.1.3.1 1 260804]
	org.netbeans.modules.nbcode.integration [1.0 260804]
	org.netbeans.libs.javax.inject/2 [2.66 dev-38d8c29f592585d563c565a40e811a09115611da]
	org.netbeans.modules.maven.embedder/2 [2.86 dev-38d8c29f592585d563c565a40e811a09115611da]
	org.netbeans.modules.maven.indexer/2 [2.71 dev-38d8c29f592585d563c565a40e811a09115611da]
	org.netbeans.modules.maven.model/1 [1.75 dev-38d8c29f592585d563c565a40e811a09115611da]
	org.netbeans.libs.antlr3.runtime [1.52.0.1 1 dev-38d8c29f592585d563c565a40e811a09115611da]
	org.netbeans.modules.java.api.common/0 [1.154 dev-38d8c29f592585d563c565a40e811a09115611da]
	org.netbeans.modules.maven.indexer.ui/2 [2.65 dev-38d8c29f592585d563c565a40e811a09115611da]
	org.netbeans.modules.maven/2 [2.171.0.1.1 1 dev-38d8c29f592585d563c565a40e811a09115611da]
	org.netbeans.modules.maven.refactoring [1.52.0.1 dev-38d8c29f592585d563c565a40e811a09115611da]
	org.netbeans.modules.j2ee.metadata/0 [1.63 dev-38d8c29f592585d563c565a40e811a09115611da]
	org.netbeans.modules.j2ee.metadata.model.support/1 [1.62 dev-38d8c29f592585d563c565a40e811a09115611da]
	org.netbeans.modules.j2ee.persistenceapi/1 [1.67.0.1 1 dev-38d8c29f592585d563c565a40e811a09115611da]
	org.netbeans.modules.maven.persistence/1 [1.60 dev-38d8c29f592585d563c565a40e811a09115611da]
	org.netbeans.libs.junit4 [1.49 dev-38d8c29f592585d563c565a40e811a09115611da]
	org.netbeans.modules.junitlib [1.36 dev-38d8c29f592585d563c565a40e811a09115611da]
	org.netbeans.modules.junit/2 [2.105 dev-38d8c29f592585d563c565a40e811a09115611da]
	org.netbeans.modules.junit.ui [1.38 dev-38d8c29f592585d563c565a40e811a09115611da]
	org.netbeans.modules.maven.junit.ui [1.36 dev-38d8c29f592585d563c565a40e811a09115611da]
	org.netbeans.modules.maven.junit/1 [1.66 dev-38d8c29f592585d563c565a40e811a09115611da]
	org.netbeans.modules.maven.hints/1 [1.71 dev-38d8c29f592585d563c565a40e811a09115611da]
	org.netbeans.modules.masterfs.ui [2.34.0.2 dev-38d8c29f592585d563c565a40e811a09115611da]
	org.netbeans.modules.masterfs.nio2 [1.46 dev-38d8c29f592585d563c565a40e811a09115611da]
	org.netbeans.modules.libs.gradle/9 [9.3 dev-38d8c29f592585d563c565a40e811a09115611da]
	org.netbeans.modules.lexer.nbbridge/1 [1.63.0.1 dev-38d8c29f592585d563c565a40e811a09115611da]
	org.netbeans.libs.antlr4.runtime/2 [1.32.0.1 1 dev-38d8c29f592585d563c565a40e811a09115611da]
	org.netbeans.modules.lexer.antlr4 [1.13.0.1 1 dev-38d8c29f592585d563c565a40e811a09115611da]
	org.netbeans.modules.languages.jflex [0.1 dev-38d8c29f592585d563c565a40e811a09115611da]
	org.netbeans.modules.languages.env [0.1 dev-38d8c29f592585d563c565a40e811a09115611da]
	org.netbeans.modules.languages.antlr [1.13 dev-38d8c29f592585d563c565a40e811a09115611da]
	org.netbeans.libs.jna/2 [2.26 dev-38d8c29f592585d563c565a40e811a09115611da]
	org.netbeans.modules.keyring.fallback [1.39 dev-38d8c29f592585d563c565a40e811a09115611da]
	org.netbeans.modules.keyring.impl [1.55 dev-38d8c29f592585d563c565a40e811a09115611da]
	org.netbeans.modules.javaee.injection [1.37 dev-38d8c29f592585d563c565a40e811a09115611da]
	org.netbeans.modules.java.source.ant [1.62.0.1.6 1 dev-38d8c29f592585d563c565a40e811a09115611da]
	org.netbeans.modules.java.j2seplatform/1 [1.74 dev-38d8c29f592585d563c565a40e811a09115611da]
	org.netbeans.modules.java.openjdk.project/1 [1.28 dev-38d8c29f592585d563c565a40e811a09115611da]
	org.netbeans.modules.java.mx.project [1.20 dev-38d8c29f592585d563c565a40e811a09115611da]
	org.netbeans.modules.java.hints.declarative/1 [1.51.0.1.17.13 1 dev-38d8c29f592585d563c565a40e811a09115611da]
	org.netbeans.libs.commons_compress/0 [0.37.0.181 181 dev-38d8c29f592585d563c565a40e811a09115611da]
	org.netbeans.modules.java.disco [2.15 dev-38d8c29f592585d563c565a40e811a09115611da]
	org.netbeans.modules.java.debug [1.69.0.1.3.6 1 dev-38d8c29f592585d563c565a40e811a09115611da]
	org.netbeans.modules.j2ee.eclipselinkmodelgen/1 [1.63 dev-38d8c29f592585d563c565a40e811a09115611da]
	org.netbeans.modules.ide.dashboard/0 [0.8 dev-38d8c29f592585d563c565a40e811a09115611da]
	org.netbeans.modules.gradle/2 [2.49.0.1 1 dev-38d8c29f592585d563c565a40e811a09115611da]
	org.netbeans.modules.gradle.java [1.34.0.1.1 1 dev-38d8c29f592585d563c565a40e811a09115611da]
	org.netbeans.modules.gradle.test [1.28 dev-38d8c29f592585d563c565a40e811a09115611da]
	org.netbeans.modules.gradle.persistence [1.27 dev-38d8c29f592585d563c565a40e811a09115611da]
	org.netbeans.modules.gradle.editor [1.13 dev-38d8c29f592585d563c565a40e811a09115611da]
	org.netbeans.modules.gradle.dists [1.19 dev-38d8c29f592585d563c565a40e811a09115611da]
	org.netbeans.modules.gradle.dependencies [1.8.0.1.1.1 dev-38d8c29f592585d563c565a40e811a09115611da]
	org.netbeans.modules.extexecution.process [1.59 dev-38d8c29f592585d563c565a40e811a09115611da]
	org.netbeans.modules.editor.mimelookup.impl/1 [1.63 dev-38d8c29f592585d563c565a40e811a09115611da]
	org.netbeans.modules.defaults/1 [1.62 dev-38d8c29f592585d563c565a40e811a09115611da]
	org.netbeans.modules.autoupdate.cli [1.45 dev-38d8c29f592585d563c565a40e811a09115611da]
	org.netbeans.libs.nbjavacapi [21.9 dev-38d8c29f592585d563c565a40e811a09115611da]
	org.netbeans.libs.jna.platform/2 [2.26 dev-38d8c29f592585d563c565a40e811a09115611da]
	org.netbeans.libs.graaljs/2 [1.32 dev-38d8c29f592585d563c565a40e811a09115611da]
	org.netbeans.libs.freemarker/1 [2.65.0.239 239 dev-38d8c29f592585d563c565a40e811a09115611da]
	org.netbeans.core.network [1.43 dev-38d8c29f592585d563c565a40e811a09115611da]
	org.netbeans.core.io.ui/1 [1.61 dev-38d8c29f592585d563c565a40e811a09115611da]
	org.netbeans.agent [1.3 dev-38d8c29f592585d563c565a40e811a09115611da]
	org.apache.netbeans.l10n.zh_CN [0.0.1 260804]
	org.apache.netbeans.l10n.ja [0.0.1 260804]
INFO [org.netbeans.core.netigso.Netigso]: bundle com.googlecode.javaewah.JavaEWAH@1.2.3 resolved
INFO [org.netbeans.core.netigso.Netigso]: bundle com.google.guava.failureaccess@1.0.3 resolved
INFO [org.netbeans.core.netigso.Netigso]: bundle net.java.html.boot.script@1.8.2 resolved
INFO [org.netbeans.core.netigso.Netigso]: bundle com.google.guava@33.4.6.jre resolved
INFO [org.netbeans.core.netigso.Netigso]: bundle org.eclipse.osgi@3.9.1.v20140110-1610 started
INFO [org.netbeans.core.network.proxy.NetworkProxyReloader]: System network proxy resolver: Gnome
INFO [org.netbeans.core.network.proxy.gnome.GsettingsNetworkProxy]: GSettings system proxy resolver: direct connection
INFO [org.netbeans.core.network.proxy.NetworkProxyReloader]: System network proxy reloading succeeded.
INFO [org.netbeans.core.network.proxy.NetworkProxyReloader]: System network proxy - mode: direct
INFO [org.netbeans.core.network.proxy.NetworkProxyReloader]: System network proxy: fell to default (correct if direct mode went before)
INFO [org.netbeans.modules.java.lsp.server.explorer.NodeLookupContextValues]: Service class org.netbeans.modules.cloud.oracle.devops.BuildPipelineItem not found.
INFO [org.netbeans.modules.java.lsp.server.explorer.NodeLookupContextValues]: Service class org.netbeans.modules.cloud.oracle.devops.BuildRunFolderItem not found.
WARNING [org.openide.filesystems.Ordering]: Found same position 10,000 for both Projects/org-netbeans-modules-maven/Lookup/maven-actions-override.instance and Projects/org-netbeans-modules-maven/Lookup/org-netbeans-modules-maven-queries-MavenReloadImplementation.instance
INFO [org.netbeans.core.startup.layers.BinaryFS]: value = org.netbeans.api.maven.MavenActions.forProjectLayer from Projects/org-netbeans-modules-maven/Lookup/maven-actions-override.instance
java.lang.ClassNotFoundException: org.netbeans.api.maven.MavenActions
	at java.base/jdk.internal.loader.BuiltinClassLoader.loadClass(BuiltinClassLoader.java:641)
	at java.base/jdk.internal.loader.ClassLoaders$AppClassLoader.loadClass(ClassLoaders.java:188)
	at java.base/java.lang.ClassLoader.loadClass(ClassLoader.java:526)
	at org.netbeans.ProxyClassLoader.doFindClass(ProxyClassLoader.java:224)
Caused: java.lang.ClassNotFoundException: org.netbeans.api.maven.MavenActions starting from SystemClassLoader[264 modules] with possible defining loaders null and declared parents [org.netbeans.MainImpl$BootClassLoader@46fbb2c1, Netigso[reference:file:ide/modules/slf4j-jdk14.jar], Netigso[reference:file:ide/modules/slf4j-api.jar], org.netbeans.JarClassLoader@bfcc33e, ModuleCL@2c83783a[org.netbeans.api.annotations.common], ModuleCL@10339e47[org.openide.awt], ModuleCL@5734cbb4[org.netbeans.api.progress], ModuleCL@2aea99ab[org.netbeans.api.progress.nb], ModuleCL@4f1607c5[org.openide.dialogs], ModuleCL@28a59b96[org.openide.nodes], ...245 more]
	at org.netbeans.ProxyClassLoader.doFindClass(ProxyClassLoader.java:226)
	at org.netbeans.ProxyClassLoader.loadClass(ProxyClassLoader.java:140)
	at org.netbeans.ModuleManager$SystemClassLoader.loadClass(ModuleManager.java:778)
	at java.base/java.lang.ClassLoader.loadClass(ClassLoader.java:526)
	at java.base/java.lang.Class.forName0(Native Method)
	at java.base/java.lang.Class.forName(Class.java:536)
	at java.base/java.lang.Class.forName(Class.java:515)
	at org.netbeans.core.startup.layers.BinaryFS$AttrImpl.findClass(BinaryFS.java:805)
	at org.netbeans.core.startup.layers.BinaryFS$AttrImpl.methodValue(BinaryFS.java:745)
[catch] at org.netbeans.core.startup.layers.BinaryFS$AttrImpl.getValue(BinaryFS.java:660)
	at org.netbeans.core.startup.layers.BinaryFS$BFSBase.getAttribute(BinaryFS.java:506)
	at org.openide.filesystems.MultiFileObject.getAttribute(MultiFileObject.java:918)
	at org.openide.filesystems.MultiFileObject.getAttribute(MultiFileObject.java:851)
	at org.openide.filesystems.MultiFileObject.getAttribute(MultiFileObject.java:914)
	at org.openide.filesystems.MultiFileObject.getAttribute(MultiFileObject.java:851)
	at org.openide.filesystems.MultiFileObject.getAttribute(MultiFileObject.java:772)
	at org.openide.loaders.InstanceDataObject$Ser.instanceCreate(InstanceDataObject.java:1408)
	at org.openide.loaders.InstanceDataObject.instanceCreate(InstanceDataObject.java:822)
	at org.openide.loaders.FolderLookup$ICItem.getInstance(FolderLookup.java:572)
	at org.openide.util.lookup.AbstractLookup$R.allInstances(AbstractLookup.java:1033)
	at org.openide.util.lookup.AbstractLookup$R.allInstances(AbstractLookup.java:1013)
	at org.openide.util.lookup.ProxyLookup$LazyCollection.computeSingleResult(ProxyLookup.java:1348)
	at org.openide.util.lookup.ProxyLookup$LazyCollection.computeDelegate(ProxyLookup.java:1186)
	at org.openide.util.lookup.ProxyLookup$LazyCollection.delegate(ProxyLookup.java:1153)
	at org.openide.util.lookup.ProxyLookup$LazyCollection.delegate(ProxyLookup.java:1136)
	at org.openide.util.lookup.ProxyLookup$LazyCollection.toArray(ProxyLookup.java:1242)
	at java.base/java.util.ArrayList.addAll(ArrayList.java:752)
	at org.openide.util.lookup.ProxyLookup$LazyCollection.computeDelegate(ProxyLookup.java:1206)
	at org.openide.util.lookup.ProxyLookup$LazyCollection.delegate(ProxyLookup.java:1153)
	at org.openide.util.lookup.ProxyLookup$LazyCollection.delegate(ProxyLookup.java:1136)
	at org.openide.util.lookup.ProxyLookup$LazyCollection.isEmpty(ProxyLookup.java:1226)
	at org.openide.util.lookup.ProxyLookup$LazyCollection.computeDelegate(ProxyLookup.java:1197)
	at org.openide.util.lookup.ProxyLookup$LazyCollection$1.hasNext(ProxyLookup.java:1314)
	at org.netbeans.spi.project.support.DelegatingLookupImpl.doDelegate(DelegatingLookupImpl.java:137)
	at org.netbeans.spi.project.support.DelegatingLookupImpl.<init>(DelegatingLookupImpl.java:76)
	at org.netbeans.spi.project.support.LookupProviderSupport.createCompositeLookup(LookupProviderSupport.java:86)
	at org.netbeans.modules.maven.NbMavenProjectImpl.<init>(NbMavenProjectImpl.java:282)
	at org.netbeans.modules.maven.NbMavenProjectFactory.loadProject(NbMavenProjectFactory.java:98)
	at org.netbeans.modules.projectapi.nb.NbProjectManager.createProject(NbProjectManager.java:375)
	at org.netbeans.modules.projectapi.nb.NbProjectManager.access$300(NbProjectManager.java:68)
	at org.netbeans.modules.projectapi.nb.NbProjectManager$2.run(NbProjectManager.java:288)
	at org.netbeans.modules.projectapi.nb.NbProjectManager$2.run(NbProjectManager.java:217)
	at org.netbeans.modules.openide.util.DefaultMutexImplementation.readAccess(DefaultMutexImplementation.java:188)
	at org.openide.util.Mutex.readAccess(Mutex.java:232)
	at org.netbeans.modules.projectapi.nb.NbProjectManager.findProject(NbProjectManager.java:217)
	at org.netbeans.api.project.ProjectManager.findProject(ProjectManager.java:142)
	at org.netbeans.modules.projectapi.SimpleFileOwnerQueryImplementation.getOwner(SimpleFileOwnerQueryImplementation.java:142)
	at org.netbeans.api.project.FileOwnerQuery.getOwner(FileOwnerQuery.java:91)
	at org.netbeans.modules.java.lsp.server.protocol.Server$LanguageServerImpl.lambda$initialize$18(Server.java:1006)
	at org.openide.util.RequestProcessor$Task.run(RequestProcessor.java:1403)
	at org.netbeans.modules.openide.util.GlobalLookup.execute(GlobalLookup.java:45)
	at org.openide.util.lookup.Lookups.executeWith(Lookups.java:287)
	at org.openide.util.RequestProcessor$Processor.run(RequestProcessor.java:2012)
INFO [org.openide.loaders.FolderLookup]: Bad file: MultiFileObject@da4e73d[Projects/org-netbeans-modules-maven/Lookup/maven-actions-override.instance]
java.lang.ClassNotFoundException: maven.actions.override
	at java.base/jdk.internal.loader.BuiltinClassLoader.loadClass(BuiltinClassLoader.java:641)
	at java.base/jdk.internal.loader.ClassLoaders$AppClassLoader.loadClass(ClassLoaders.java:188)
	at java.base/java.lang.ClassLoader.loadClass(ClassLoader.java:526)
	at org.netbeans.ProxyClassLoader.doFindClass(ProxyClassLoader.java:224)
Caused: java.lang.ClassNotFoundException: maven.actions.override starting from SystemClassLoader[264 modules] with possible defining loaders null and declared parents [org.netbeans.MainImpl$BootClassLoader@46fbb2c1, Netigso[reference:file:ide/modules/slf4j-jdk14.jar], Netigso[reference:file:ide/modules/slf4j-api.jar], org.netbeans.JarClassLoader@bfcc33e, ModuleCL@2c83783a[org.netbeans.api.annotations.common], ModuleCL@10339e47[org.openide.awt], ModuleCL@5734cbb4[org.netbeans.api.progress], ModuleCL@2aea99ab[org.netbeans.api.progress.nb], ModuleCL@4f1607c5[org.openide.dialogs], ModuleCL@28a59b96[org.openide.nodes], ...245 more]
	at org.netbeans.ProxyClassLoader.doFindClass(ProxyClassLoader.java:226)
	at org.netbeans.ProxyClassLoader.loadClass(ProxyClassLoader.java:140)
	at org.netbeans.ModuleManager$SystemClassLoader.loadClass(ModuleManager.java:778)
	at java.base/java.lang.ClassLoader.loadClass(ClassLoader.java:526)
	at org.openide.loaders.InstanceSupport.findClass(InstanceSupport.java:451)
	at org.openide.loaders.InstanceSupport.instanceClass(InstanceSupport.java:117)
	at org.openide.loaders.InstanceDataObject$Ser.instanceClass(InstanceDataObject.java:1348)
	at org.openide.loaders.InstanceSupport.instanceCreate(InstanceSupport.java:175)
	at org.openide.loaders.InstanceDataObject$Ser.instanceCreate(InstanceDataObject.java:1418)
	at org.openide.loaders.InstanceDataObject.instanceCreate(InstanceDataObject.java:822)
[catch] at org.openide.loaders.FolderLookup$ICItem.getInstance(FolderLookup.java:572)
	at org.openide.util.lookup.AbstractLookup$R.allInstances(AbstractLookup.java:1033)
	at org.openide.util.lookup.AbstractLookup$R.allInstances(AbstractLookup.java:1013)
	at org.openide.util.lookup.ProxyLookup$LazyCollection.computeSingleResult(ProxyLookup.java:1348)
	at org.openide.util.lookup.ProxyLookup$LazyCollection.computeDelegate(ProxyLookup.java:1186)
	at org.openide.util.lookup.ProxyLookup$LazyCollection.delegate(ProxyLookup.java:1153)
	at org.openide.util.lookup.ProxyLookup$LazyCollection.delegate(ProxyLookup.java:1136)
	at org.openide.util.lookup.ProxyLookup$LazyCollection.toArray(ProxyLookup.java:1242)
	at java.base/java.util.ArrayList.addAll(ArrayList.java:752)
	at org.openide.util.lookup.ProxyLookup$LazyCollection.computeDelegate(ProxyLookup.java:1206)
	at org.openide.util.lookup.ProxyLookup$LazyCollection.delegate(ProxyLookup.java:1153)
	at org.openide.util.lookup.ProxyLookup$LazyCollection.delegate(ProxyLookup.java:1136)
	at org.openide.util.lookup.ProxyLookup$LazyCollection.isEmpty(ProxyLookup.java:1226)
	at org.openide.util.lookup.ProxyLookup$LazyCollection.computeDelegate(ProxyLookup.java:1197)
	at org.openide.util.lookup.ProxyLookup$LazyCollection$1.hasNext(ProxyLookup.java:1314)
	at org.netbeans.spi.project.support.DelegatingLookupImpl.doDelegate(DelegatingLookupImpl.java:137)
	at org.netbeans.spi.project.support.DelegatingLookupImpl.<init>(DelegatingLookupImpl.java:76)
	at org.netbeans.spi.project.support.LookupProviderSupport.createCompositeLookup(LookupProviderSupport.java:86)
	at org.netbeans.modules.maven.NbMavenProjectImpl.<init>(NbMavenProjectImpl.java:282)
	at org.netbeans.modules.maven.NbMavenProjectFactory.loadProject(NbMavenProjectFactory.java:98)
	at org.netbeans.modules.projectapi.nb.NbProjectManager.createProject(NbProjectManager.java:375)
	at org.netbeans.modules.projectapi.nb.NbProjectManager.access$300(NbProjectManager.java:68)
	at org.netbeans.modules.projectapi.nb.NbProjectManager$2.run(NbProjectManager.java:288)
	at org.netbeans.modules.projectapi.nb.NbProjectManager$2.run(NbProjectManager.java:217)
	at org.netbeans.modules.openide.util.DefaultMutexImplementation.readAccess(DefaultMutexImplementation.java:188)
	at org.openide.util.Mutex.readAccess(Mutex.java:232)
	at org.netbeans.modules.projectapi.nb.NbProjectManager.findProject(NbProjectManager.java:217)
	at org.netbeans.api.project.ProjectManager.findProject(ProjectManager.java:142)
	at org.netbeans.modules.projectapi.SimpleFileOwnerQueryImplementation.getOwner(SimpleFileOwnerQueryImplementation.java:142)
	at org.netbeans.api.project.FileOwnerQuery.getOwner(FileOwnerQuery.java:91)
	at org.netbeans.modules.java.lsp.server.protocol.Server$LanguageServerImpl.lambda$initialize$18(Server.java:1006)
	at org.openide.util.RequestProcessor$Task.run(RequestProcessor.java:1403)
	at org.netbeans.modules.openide.util.GlobalLookup.execute(GlobalLookup.java:45)
	at org.openide.util.lookup.Lookups.executeWith(Lookups.java:287)
	at org.openide.util.RequestProcessor$Processor.run(RequestProcessor.java:2012)
INFO [org.netbeans.ui.maven.project]: A Maven project was opened. Appending the project's packaging type.
INFO [org.netbeans.ui.metrics.maven]: USG_PROJECT_OPEN_MAVEN
INFO [org.netbeans.ui.metrics.projects]: USG_PROJECT_OPEN
WARNING [org.openide.filesystems.Ordering]: Not all children in / marked with the position attribute: [org-netbeans-modules-refactoring-java-plugins-InstantRefactoringPerformer$UndoableWrapper.instance, org-netbeans-modules-testng-ui-actions-TestClassInfoTask$TestNGComputeTestMethodsImpl.instance, org-netbeans-modules-debugger-jpda-ui-values-InlineValueProviderImpl.instance, org-netbeans-modules-java-hints-spiimpl-hints-HintsTask$SuggestionsPositionRefresherHelper.instance, org-netbeans-modules-java-hints-spiimpl-options-HintsSettings$GlobalSettingsProvider.instance, org-netbeans-modules-editor-java-JavaKit$JavaTypedTextInterceptor$Factory.instance, org-netbeans-modules-java-hints-declarative-debugging-EvaluationSpanTask$FactoryImpl.instance, org-netbeans-modules-refactoring-java-ui-HighlightsLayerFactory.instance, org-netbeans-modules-java-editor-codegen-RemoveSurroundingCodePanel$UnwrapCodeHighlightsLayerFactory.instance, EditorKit.instance, org-netbeans-modules-java-hints-infrastructure-JavaErrorProvider.instance, org-netbeans-modules-java-hints-infrastructure-ErrorHintsFactory.instance, org-netbeans-modules-junit-ui-actions-TestClassInfoTask$JUnitComputeTestMethodsImpl.instance, org-netbeans-modules-java-editor-semantic-SemanticHighlighterFactory.instance, org-netbeans-modules-java-hints-infrastructure-EmbeddedLazyHintComputation$FactoryImpl.instance, Reformatter.instance, org-netbeans-modules-java-source-indexing-JavaCustomIndexer$Factory-register.instance, org-netbeans-modules-java-hints-infrastructure-ErrorPositionRefresherHelper.instance, org-netbeans-modules-java-hints-introduce-IntroduceHint$HLFImpl.instance, org-netbeans-modules-editor-java-CamelCaseOperations$JavaCamelCaseInterceptor$JavaFactory.instance, org-netbeans-modules-java-editor-whitelist-WhiteListCheckTask$Factory.instance, org-netbeans-modules-gsf-codecoverage-CoverageHighlightsLayerFactory.instance, SourcePathCheck.instance, org-netbeans-modules-editor-java-JavaKit$JavaDeletedTextInterceptor$Factory.instance, org-netbeans-modules-java-editor-fold-ResourceStringFoldProvider.instance, AutoIndenter.instance, org-netbeans-modules-whitelist-index-WhiteListIndexerPlugin$Factory.instance, org-netbeans-modules-java-debug-HighlightsLayerFactoryImpl.instance, org-netbeans-modules-debugger-jpda-ui-models-InlineValueComputerImpl-createHighlightsLayerFactory.instance, org-netbeans-modules-refactoring-java-plugins-InstantRefactoringPerformer$RenameDeletedTextInterceptor$Factory.instance, org-netbeans-modules-java-source-parsing-JavacParserFactory.instance, org-netbeans-modules-java-editor-semantic-HighlightsLayerFactoryImpl.instance, org-netbeans-modules-java-editor-rename-InstantRenamePerformer$RenameDeletedTextInterceptor$Factory.instance, org-netbeans-modules-java-editor-overridden-ComputeAnnotations$FactoryImpl.instance, org.netbeans.spi.editor.highlighting.HighlightsLayerFactory.instance, org-netbeans-modules-nbcode-java-lsp-server-telemetry-JavaLangFeaturesTelemetryProvider.instance, Reindenter.instance, org-netbeans-modules-java-editor-semantic-MarkOccurrencesHighlighterFactory.instance, org-netbeans-modules-debugger-jpda-projectsui-HighlightsLayerFactoryImpl.instance, org-netbeans-modules-java-source-parsing-VanillaPartialReparser$VerifyPartialReparse$FactoryImpl.instance, org-netbeans-modules-java-hints-spiimpl-hints-HintsTask$HintPositionRefresherHelper.instance, org-netbeans-modules-refactoring-java-callhierarchy-LspCallHierarchyProvider.instance, language.instance, org-netbeans-modules-editor-java-JavaKit$JavaTypedBreakInterceptor$JavaFactory.instance, org-netbeans-modules-java-hints-introduce-PositionRefresherHelperImpl.instance, org-netbeans-modules-java-hints-spiimpl-JavaHintsPositionRefresher.instance, org-netbeans-modules-editor-fold-ui-FoldingEditorSupport$F.instance, org-netbeans-modules-java-source-indexing-JavaBinaryIndexer$Factory-register.instance, org-netbeans-lib-editor-codetemplates-textsync-TextRegionManager$Highlighting$HLFactory.instance, org-netbeans-modules-merge-builtin-visualizer-MergeHighlightsLayerFactory.instance, org-netbeans-modules-csl-hints-infrastructure-SelectionHintsTaskFactory.instance, org-netbeans-modules-editor-hints-lsp-HintsDiagnosticsProvider.instance, org-netbeans-modules-java-hints-infrastructure-EmbeddedHintsCollector$Factory.instance, org-netbeans-modules-csl-core-CslCamelCaseInterceptor$Factory.instance, org-netbeans-modules-csl-editor-overridden-ComputeAnnotations$FactoryImpl.instance, org-netbeans-modules-editor-impl-DocumentFactoryImpl.instance, org-netbeans-modules-diff-builtin-visualizer-editable-DiffHighlightsLayerFactory.instance, org-netbeans-modules-csl-editor-fold-GsfFoldManagerTaskFactory.instance, org-netbeans-modules-editor-impl-highlighting-HLFactory.instance, org-netbeans-modules-editor-hints-HighlightsLayerFactoryImpl.instance, org-netbeans-modules-editor-bracesmatching-BracesMatchHighlighting$Factory.instance, org-netbeans-lib-editor-hyperlink-HyperlinkOperation$HighlightFactoryImpl.instance, org-netbeans-modules-csl-editor-semantic-MarkOccurrencesHighlighterFactory.instance, org-netbeans-modules-editor-lib2-highlighting-Factory.instance, org-netbeans-modules-csl-hints-infrastructure-HintsTaskFactory.instance, org-netbeans-modules-refactoring-spi-impl-UndoableWrapper.instance, COSSynchronizingIndexer.instance, org-netbeans-modules-gsf-testrunner-ui-TestMethodFinderImpl$Factory.instance, org-netbeans-modules-csl-hints-GsfHintsFactory.instance, org-netbeans-modules-csl-navigation-BreadCrumbsTask$TaskFactoryImpl.instance, org-netbeans-modules-editor-url-HighlightURLs$FactoryImpl.instance, org-netbeans-modules-csl-hints-infrastructure-SuggestionsTaskFactory.instance, org-netbeans-modules-java-lsp-server-protocol-Server$CustomIndexerTelemetryFactory-getDefault.instance, org-netbeans-modules-jumpto-file-FileIndexer$Factory.instance, org-netbeans-modules-csl-navigation-CaretListeningFactory.instance, org-netbeans-modules-csl-navigation-ClassMemberNavigatorSourceFactory.instance, org-netbeans-modules-csl-editor-semantic-SemanticHighlighterFactory.instance], but some are: [org-netbeans-modules-editor-java-JavaStructureProvider.instance@100, org-netbeans-modules-java-file-launcher-indexer-CompilerOptionsIndexer$FactoryImpl.instance@1100]
INFO [org.netbeans.modules.java.lsp.server.protocol.WorkspaceServiceImpl]: Project /home/kairav/dev/gitpushpraydev/backend@e2779839:77e2901e: 1 test roots opened in 5,713ms
INFO [org.netbeans.ui.indexing]: Indexing started, time from last indexing 0 ms.
INFO [org.netbeans.modules.java.lsp.server.protocol.Server$LanguageServerImpl]: 1 projects opened in 882ms
INFO [org.netbeans.modules.parsing.impl.indexing.RepositoryUpdater]: Resolving dependencies took: 60 ms
